 SyndicateAuthCPP

 Timestamp is 68339996 (Sun May 25 18:28:38 2025)

 Preferred load address is 0000000140000000

 Start         Length     Name                   Class
 0001:00000000 00000500H .text$di                CODE
 0001:00000500 00007350H .text$mn                CODE
 0001:00007850 00000040H .text$mn$00             CODE
 0001:00007890 00000250H .text$x                 CODE
 0001:00007ae0 00000267H .text$yd                CODE
 0002:00000000 00000430H .idata$5                DATA
 0002:00000430 00000038H .00cfg                  DATA
 0002:00000468 00000008H .CRT$XCA                DATA
 0002:00000470 00000008H .CRT$XCAA               DATA
 0002:00000478 00000008H .CRT$XCL                DATA
 0002:00000480 00000028H .CRT$XCU                DATA
 0002:000004a8 00000008H .CRT$XCZ                DATA
 0002:000004b0 00000008H .CRT$XIA                DATA
 0002:000004b8 00000008H .CRT$XIAA               DATA
 0002:000004c0 00000008H .CRT$XIAC               DATA
 0002:000004c8 00000008H .CRT$XIZ                DATA
 0002:000004d0 00000008H .CRT$XPA                DATA
 0002:000004d8 00000008H .CRT$XPZ                DATA
 0002:000004e0 00000008H .CRT$XTA                DATA
 0002:000004e8 00000008H .CRT$XTZ                DATA
 0002:000004f0 00000000H .gehcont$y              DATA
 0002:000004f0 00000000H .gfids$y                DATA
 0002:000004f0 00000790H .rdata                  DATA
 0002:00000c80 00000000H .rdata$CastGuardVftablesA DATA
 0002:00000c80 00000000H .rdata$CastGuardVftablesC DATA
 0002:00000c80 000005ecH .rdata$r                DATA
 0002:0000126c 0000007cH .rdata$voltmd           DATA
 0002:000012e8 000003c0H .rdata$zzzdbg           DATA
 0002:000016a8 00000008H .rtc$IAA                DATA
 0002:000016b0 00000008H .rtc$IZZ                DATA
 0002:000016b8 00000008H .rtc$TAA                DATA
 0002:000016c0 00000008H .rtc$TZZ                DATA
 0002:000016c8 00000750H .xdata                  DATA
 0002:00001e18 00000158H .xdata$x                DATA
 0002:00001f70 000000acH .edata                  DATA
 0002:0000201c 000000dcH .idata$2                DATA
 0002:000020f8 00000018H .idata$3                DATA
 0002:00002110 00000430H .idata$4                DATA
 0002:00002540 0000138aH .idata$6                DATA
 0003:00000000 00000110H .data                   DATA
 0003:00000110 000000b0H .data$r                 DATA
 0003:000001c0 000001f0H .data$rs                DATA
 0003:000003b0 00000778H .bss                    DATA
 0004:00000000 00000594H .pdata                  DATA
 0005:00000000 00000060H .rsrc$01                DATA
 0005:00000060 00000180H .rsrc$02                DATA

  Address         Publics by Value              Rva+Base               Lib:Object

 0000:00000000       __AbsoluteZero             0000000000000000     <absolute>
 0000:00000000       ___safe_se_handler_count   0000000000000000     <absolute>
 0000:00000000       ___safe_se_handler_table   0000000000000000     <absolute>
 0000:00000000       __arm64x_extra_rfe_table   0000000000000000     <absolute>
 0000:00000000       __arm64x_extra_rfe_table_size 0000000000000000     <absolute>
 0000:00000000       __arm64x_native_entrypoint 0000000000000000     <absolute>
 0000:00000000       __arm64x_redirection_metadata 0000000000000000     <absolute>
 0000:00000000       __arm64x_redirection_metadata_count 0000000000000000     <absolute>
 0000:00000000       __dynamic_value_reloc_table 0000000000000000     <absolute>
 0000:00000000       __enclave_config           0000000000000000     <absolute>
 0000:00000000       __guard_check_icall_a64n_fptr 0000000000000000     <absolute>
 0000:00000000       __guard_eh_cont_count      0000000000000000     <absolute>
 0000:00000000       __guard_eh_cont_table      0000000000000000     <absolute>
 0000:00000000       __guard_fids_count         0000000000000000     <absolute>
 0000:00000000       __guard_fids_table         0000000000000000     <absolute>
 0000:00000000       __guard_iat_count          0000000000000000     <absolute>
 0000:00000000       __guard_iat_table          0000000000000000     <absolute>
 0000:00000000       __guard_longjmp_count      0000000000000000     <absolute>
 0000:00000000       __guard_longjmp_table      0000000000000000     <absolute>
 0000:00000000       __hybrid_auxiliary_delayload_iat 0000000000000000     <absolute>
 0000:00000000       __hybrid_auxiliary_delayload_iat_copy 0000000000000000     <absolute>
 0000:00000000       __hybrid_auxiliary_iat     0000000000000000     <absolute>
 0000:00000000       __hybrid_auxiliary_iat_copy 0000000000000000     <absolute>
 0000:00000000       __hybrid_code_map          0000000000000000     <absolute>
 0000:00000000       __hybrid_code_map_count    0000000000000000     <absolute>
 0000:00000000       __hybrid_image_info_bitfield 0000000000000000     <absolute>
 0000:00000000       __x64_code_ranges_to_entry_points 0000000000000000     <absolute>
 0000:00000000       __x64_code_ranges_to_entry_points_count 0000000000000000     <absolute>
 0000:00000100       __guard_flags              0000000000000100     <absolute>
 0000:00000000       __ImageBase                0000000140000000     <linker-defined>
 0001:00000500       ??0exception@std@@QEAA@AEBV01@@Z 0000000140001500 f i main.obj
 0001:00000540       ?what@exception@std@@UEBAPEBDXZ 0000000140001540 f i main.obj
 0001:00000560       ??_Ebad_alloc@std@@UEAAPEAXI@Z 0000000140001560 f i * CIL library *:* CIL module *
 0001:00000560       ??_Ebad_array_new_length@std@@UEAAPEAXI@Z 0000000140001560 f i * CIL library *:* CIL module *
 0001:00000560       ??_Ebad_cast@std@@UEAAPEAXI@Z 0000000140001560 f i * CIL library *:* CIL module *
 0001:00000560       ??_Eexception@std@@UEAAPEAXI@Z 0000000140001560 f i * CIL library *:* CIL module *
 0001:00000560       ??_Gbad_alloc@std@@UEAAPEAXI@Z 0000000140001560 f i main.obj
 0001:00000560       ??_Gbad_array_new_length@std@@UEAAPEAXI@Z 0000000140001560 f i main.obj
 0001:00000560       ??_Gbad_cast@std@@UEAAPEAXI@Z 0000000140001560 f i main.obj
 0001:00000560       ??_Gexception@std@@UEAAPEAXI@Z 0000000140001560 f i main.obj
 0001:000005b0       ??1bad_alloc@std@@UEAA@XZ  00000001400015b0 f i main.obj
 0001:000005b0       ??1bad_array_new_length@std@@UEAA@XZ 00000001400015b0 f i main.obj
 0001:000005b0       ??1bad_cast@std@@UEAA@XZ   00000001400015b0 f i main.obj
 0001:000005d0       ??0bad_array_new_length@std@@QEAA@XZ 00000001400015d0 f i main.obj
 0001:00000600       ?_Throw_bad_array_new_length@std@@YAXXZ 0000000140001600 f i main.obj
 0001:00000600       ?__scrt_throw_std_bad_array_new_length@@YAXXZ 0000000140001600 f i MSVCRT:throw_bad_alloc.obj
 0001:00000620       ??0bad_array_new_length@std@@QEAA@AEBV01@@Z 0000000140001620 f i main.obj
 0001:00000660       ??0bad_alloc@std@@QEAA@AEBV01@@Z 0000000140001660 f i main.obj
 0001:000006a0       ?_Xlen_string@std@@YAXXZ   00000001400016a0 f i main.obj
 0001:000006c0       ??0bad_cast@std@@QEAA@XZ   00000001400016c0 f i main.obj
 0001:000006f0       ?_Throw_bad_cast@std@@YAXXZ 00000001400016f0 f i main.obj
 0001:00000710       ??0bad_cast@std@@QEAA@AEBV01@@Z 0000000140001710 f i main.obj
 0001:00000750       ??1locale@std@@QEAA@XZ     0000000140001750 f i main.obj
 0001:00000790       ??0Auth@SyndicateAuthLib@@QEAA@AEBV01@@Z 0000000140001790 f i main.obj
 0001:00000830       ??4Auth@SyndicateAuthLib@@QEAAAEAV01@AEBV01@@Z 0000000140001830 f i main.obj
 0001:000008c0       ?OnLicenseValidated@@YAXXZ 00000001400018c0 f   main.obj
 0001:000023a0       ??_D?$basic_ofstream@DU?$char_traits@D@std@@@std@@QEAAXXZ 00000001400033a0 f i main.obj
 0001:00002460       ?__autoclassinit2@?$basic_ofstream@DU?$char_traits@D@std@@@std@@QEAAX_K@Z 0000000140003460 f i main.obj
 0001:00002470       main                       0000000140003470 f   main.obj
 0001:000048d0       ??$?6U?$char_traits@D@std@@@std@@YAAEAV?$basic_ostream@DU?$char_traits@D@std@@@0@AEAV10@PEBD@Z 00000001400058d0 f i main.obj
 0001:00004ab0       ??$endl@DU?$char_traits@D@std@@@std@@YAAEAV?$basic_ostream@DU?$char_traits@D@std@@@0@AEAV10@@Z 0000000140005ab0 f i main.obj
 0001:00004af0       ?size@?$vector@EV?$allocator@E@std@@@std@@QEBA_KXZ 0000000140005af0 f i main.obj
 0001:00004b00       ?data@?$vector@EV?$allocator@E@std@@@std@@QEAAPEAEXZ 0000000140005b00 f i main.obj
 0001:00004b10       ??1?$vector@EV?$allocator@E@std@@@std@@QEAA@XZ 0000000140005b10 f i main.obj
 0001:00004b80       ??4?$basic_string@DU?$char_traits@D@std@@V?$allocator@D@2@@std@@QEAAAEAV01@AEBV01@@Z 0000000140005b80 f i main.obj
 0001:00004c10       ??1?$basic_string@DU?$char_traits@D@std@@V?$allocator@D@2@@std@@QEAA@XZ 0000000140005c10 f i main.obj
 0001:00004c90       ??0?$basic_string@DU?$char_traits@D@std@@V?$allocator@D@2@@std@@QEAA@QEBD@Z 0000000140005c90 f i main.obj
 0001:00004dc0       ??0?$basic_string@DU?$char_traits@D@std@@V?$allocator@D@2@@std@@QEAA@AEBV01@@Z 0000000140005dc0 f i main.obj
 0001:00004ef0       ?close@?$basic_ofstream@DU?$char_traits@D@std@@@std@@QEAAXXZ 0000000140005ef0 f i main.obj
 0001:00004f30       ?is_open@?$basic_ofstream@DU?$char_traits@D@std@@@std@@QEBA_NXZ 0000000140005f30 f i main.obj
 0001:00004f40       ??0?$basic_ofstream@DU?$char_traits@D@std@@@std@@QEAA@PEBDHH@Z 0000000140005f40 f i main.obj
 0001:00005150       ?imbue@?$basic_filebuf@DU?$char_traits@D@std@@@std@@MEAAXAEBVlocale@2@@Z 0000000140006150 f i main.obj
 0001:000051a0       ?sync@?$basic_filebuf@DU?$char_traits@D@std@@@std@@MEAAHXZ 00000001400061a0 f i main.obj
 0001:000051f0       ?setbuf@?$basic_filebuf@DU?$char_traits@D@std@@@std@@MEAAPEAV?$basic_streambuf@DU?$char_traits@D@std@@@2@PEAD_J@Z 00000001400061f0 f i main.obj
 0001:000052f0       ?seekpos@?$basic_filebuf@DU?$char_traits@D@std@@@std@@MEAA?AV?$fpos@U_Mbstatet@@@2@V32@H@Z 00000001400062f0 f i main.obj
 0001:000053d0       ?seekoff@?$basic_filebuf@DU?$char_traits@D@std@@@std@@MEAA?AV?$fpos@U_Mbstatet@@@2@_JHH@Z 00000001400063d0 f i main.obj
 0001:000054e0       ?xsputn@?$basic_filebuf@DU?$char_traits@D@std@@@std@@MEAA_JPEBD_J@Z 00000001400064e0 f i main.obj
 0001:000055b0       ?xsgetn@?$basic_filebuf@DU?$char_traits@D@std@@@std@@MEAA_JPEAD_J@Z 00000001400065b0 f i main.obj
 0001:00005700       ?uflow@?$basic_filebuf@DU?$char_traits@D@std@@@std@@MEAAHXZ 0000000140006700 f i main.obj
 0001:000059f0       ?underflow@?$basic_filebuf@DU?$char_traits@D@std@@@std@@MEAAHXZ 00000001400069f0 f i main.obj
 0001:00005a60       ?pbackfail@?$basic_filebuf@DU?$char_traits@D@std@@@std@@MEAAHH@Z 0000000140006a60 f i main.obj
 0001:00005b50       ?overflow@?$basic_filebuf@DU?$char_traits@D@std@@@std@@MEAAHH@Z 0000000140006b50 f i main.obj
 0001:00005d10       ?_Unlock@?$basic_filebuf@DU?$char_traits@D@std@@@std@@UEAAXXZ 0000000140006d10 f i main.obj
 0001:00005d30       ?_Lock@?$basic_filebuf@DU?$char_traits@D@std@@@std@@UEAAXXZ 0000000140006d30 f i main.obj
 0001:00005d50       ??1?$basic_filebuf@DU?$char_traits@D@std@@@std@@UEAA@XZ 0000000140006d50 f i main.obj
 0001:00005dc0       ??_E?$basic_ofstream@DU?$char_traits@D@std@@@std@@UEAAPEAXI@Z 0000000140006dc0 f i * CIL library *:* CIL module *
 0001:00005dc0       ??_G?$basic_ofstream@DU?$char_traits@D@std@@@std@@UEAAPEAXI@Z 0000000140006dc0 f i main.obj
 0001:00005e00       ??_E?$basic_filebuf@DU?$char_traits@D@std@@@std@@UEAAPEAXI@Z 0000000140006e00 f i * CIL library *:* CIL module *
 0001:00005e00       ??_G?$basic_filebuf@DU?$char_traits@D@std@@@std@@UEAAPEAXI@Z 0000000140006e00 f i main.obj
 0001:00005e90       ??1sentry@?$basic_istream@DU?$char_traits@D@std@@@std@@QEAA@XZ 0000000140006e90 f i main.obj
 0001:00005ec0       ??$_Insert_string@DU?$char_traits@D@std@@_K@std@@YAAEAV?$basic_ostream@DU?$char_traits@D@std@@@0@AEAV10@QEBD_K@Z 0000000140006ec0 f i main.obj
 0001:00006090       ??$getline@DU?$char_traits@D@std@@V?$allocator@D@2@@std@@YAAEAV?$basic_istream@DU?$char_traits@D@std@@@0@$$QEAV10@AEAV?$basic_string@DU?$char_traits@D@std@@V?$allocator@D@2@@0@D@Z 0000000140007090 f i main.obj
 0001:00006230       ??$use_facet@V?$codecvt@DDU_Mbstatet@@@std@@@std@@YAAEBV?$codecvt@DDU_Mbstatet@@@0@AEBVlocale@0@@Z 0000000140007230 f i main.obj
 0001:00006370       ??1_Sentry_base@?$basic_istream@DU?$char_traits@D@std@@@std@@QEAA@XZ 0000000140007370 f i main.obj
 0001:00006370       ??1_Sentry_base@?$basic_ostream@DU?$char_traits@D@std@@@std@@QEAA@XZ 0000000140007370 f i main.obj
 0001:000063a0       ??1sentry@?$basic_ostream@DU?$char_traits@D@std@@@std@@QEAA@XZ 00000001400073a0 f i main.obj
 0001:000063e0       ??1?$unique_ptr@V_Facet_base@std@@U?$default_delete@V_Facet_base@std@@@2@@std@@QEAA@XZ 00000001400073e0 f i main.obj
 0001:00006400       ?_Endwrite@?$basic_filebuf@DU?$char_traits@D@std@@@std@@IEAA_NXZ 0000000140007400 f i main.obj
 0001:000064f0       ?close@?$basic_filebuf@DU?$char_traits@D@std@@@std@@QEAAPEAV12@XZ 00000001400074f0 f i main.obj
 0001:000065b0       ??$_Reallocate_grow_by@V<lambda_1>@?1??push_back@?$basic_string@DU?$char_traits@D@std@@V?$allocator@D@2@@std@@QEAAXD@Z@D@?$basic_string@DU?$char_traits@D@std@@V?$allocator@D@2@@std@@AEAAAEAV01@_KV<lambda_1>@?1??push_back@01@QEAAXD@Z@D@Z 00000001400075b0 f i main.obj
 0001:00006730       ??$_Reallocate_for@V<lambda_1>@?1??assign@?$basic_string@DU?$char_traits@D@std@@V?$allocator@D@2@@std@@QEAAAEAV34@QEBD_K@Z@PEBD@?$basic_string@DU?$char_traits@D@std@@V?$allocator@D@2@@std@@AEAAAEAV01@_KV<lambda_1>@?1??assign@01@QEAAAEAV01@QEBD0@Z@PEBD@Z 0000000140007730 f i main.obj
 0001:00006874       ??_E?$basic_ofstream@DU?$char_traits@D@std@@@std@@$4PPPPPPPM@A@EAAPEAXI@Z 0000000140007874 f i main.obj
 0001:00006880       ??1_Lockit@std@@QEAA@XZ    0000000140007880 f   msvcprt:MSVCP140.dll
 0001:00006888       ?_Facet_Register@std@@YAXPEAV_Facet_base@1@@Z 0000000140007888 f   msvcprt:locale0_implib.obj
 0001:000068c5       ?showmanyc@?$basic_streambuf@DU?$char_traits@D@std@@@std@@MEAA_JXZ 00000001400078c5 f   msvcprt:MSVCP140.dll
 0001:000068cb       ?_Xbad_alloc@std@@YAXXZ    00000001400078cb f   msvcprt:MSVCP140.dll
 0001:000068f0       __security_check_cookie    00000001400078f0 f   MSVCRT:amdsecgs.obj
 0001:00006910       ??2@YAPEAX_K@Z             0000000140007910 f   MSVCRT:new_scalar.obj
 0001:0000694c       __scrt_acquire_startup_lock 000000014000794c f   MSVCRT:utility.obj
 0001:00006988       __scrt_initialize_crt      0000000140007988 f   MSVCRT:utility.obj
 0001:000069c4       __scrt_initialize_onexit_tables 00000001400079c4 f   MSVCRT:utility.obj
 0001:00006a50       __scrt_is_nonwritable_in_current_image 0000000140007a50 f   MSVCRT:utility.obj
 0001:00006ae8       __scrt_release_startup_lock 0000000140007ae8 f   MSVCRT:utility.obj
 0001:00006b0c       __scrt_uninitialize_crt    0000000140007b0c f   MSVCRT:utility.obj
 0001:00006b38       _onexit                    0000000140007b38 f   MSVCRT:utility.obj
 0001:00006b74       atexit                     0000000140007b74 f   MSVCRT:utility.obj
 0001:00006b8c       ??3@YAXPEAX_K@Z            0000000140007b8c f   MSVCRT:delete_scalar_size.obj
 0001:00006b94       ??_Etype_info@@UEAAPEAXI@Z 0000000140007b94 f i MSVCRT:std_type_info_static.obj
 0001:00006b94       ??_Gtype_info@@UEAAPEAXI@Z 0000000140007b94 f i MSVCRT:std_type_info_static.obj
 0001:00006e20       mainCRTStartup             0000000140007e20 f   MSVCRT:exe_main.obj
 0001:00006e34       _guard_check_icall_nop     0000000140007e34 f i MSVCRT:guard_support.obj
 0001:00006e34       _initialize_denormal_control 0000000140007e34 f i MSVCRT:denormal_control.obj
 0001:00006e34       _initialize_invalid_parameter_handler 0000000140007e34 f i MSVCRT:invalid_parameter_handler.obj
 0001:00006e38       __raise_securityfailure    0000000140007e38 f   MSVCRT:gs_report.obj
 0001:00006e6c       __report_gsfailure         0000000140007e6c f   MSVCRT:gs_report.obj
 0001:00006fb4       ??0bad_alloc@std@@QEAA@XZ  0000000140007fb4 f i MSVCRT:throw_bad_alloc.obj
 0001:00006fd8       ?__scrt_throw_std_bad_alloc@@YAXXZ 0000000140007fd8 f   MSVCRT:throw_bad_alloc.obj
 0001:00006ff8       __isa_available_init       0000000140007ff8 f   MSVCRT:cpu_disp.obj
 0001:00007290       _get_startup_argv_mode     0000000140008290 f   MSVCRT:argv_mode.obj
 0001:00007298       __scrt_is_ucrt_dll_in_use  0000000140008298 f   MSVCRT:ucrt_detection.obj
 0001:000072a4       __crt_debugger_hook        00000001400082a4 f   MSVCRT:utility_desktop.obj
 0001:000072b0       __scrt_fastfail            00000001400082b0 f   MSVCRT:utility_desktop.obj
 0001:000073fc       __scrt_initialize_mta      00000001400083fc f   MSVCRT:utility_desktop.obj
 0001:00007404       __scrt_exe_initialize_mta  0000000140008404 f   MSVCRT:utility_desktop.obj
 0001:00007404       __scrt_initialize_winrt    0000000140008404 f   MSVCRT:utility_desktop.obj
 0001:00007404       __scrt_stub_for_initialize_mta 0000000140008404 f   MSVCRT:utility_desktop.obj
 0001:00007404       _get_startup_commit_mode   0000000140008404 f   MSVCRT:commit_mode.obj
 0001:00007404       _get_startup_new_mode      0000000140008404 f   MSVCRT:new_mode.obj
 0001:00007404       _get_startup_thread_locale_mode 0000000140008404 f   MSVCRT:thread_locale.obj
 0001:00007404       _matherr                   0000000140008404 f   MSVCRT:matherr.obj
 0001:00007408       __scrt_is_managed_app      0000000140008408 f   MSVCRT:utility_desktop.obj
 0001:0000745c       __scrt_set_unhandled_exception_filter 000000014000845c f   MSVCRT:utility_desktop.obj
 0001:0000746c       __scrt_unhandled_exception_filter 000000014000846c f   MSVCRT:utility_desktop.obj
 0001:000074d0       ??3@YAXPEAX@Z              00000001400084d0 f   MSVCRT:delete_scalar.obj
 0001:000074d8       __security_init_cookie     00000001400084d8 f   MSVCRT:gs_support.obj
 0001:00007588       _get_startup_file_mode     0000000140008588 f   MSVCRT:file_mode.obj
 0001:00007590       ?__scrt_initialize_type_info@@YAXXZ 0000000140008590 f   MSVCRT:tncleanup.obj
 0001:000075a0       __acrt_initialize          00000001400085a0 f   MSVCRT:ucrt_stubs.obj
 0001:000075a0       __acrt_uninitialize        00000001400085a0 f   MSVCRT:ucrt_stubs.obj
 0001:000075a0       __scrt_stub_for_acrt_initialize 00000001400085a0 f   MSVCRT:ucrt_stubs.obj
 0001:000075a0       __scrt_stub_for_acrt_uninitialize 00000001400085a0 f   MSVCRT:ucrt_stubs.obj
 0001:000075a0       __vcrt_initialize          00000001400085a0 f   MSVCRT:ucrt_stubs.obj
 0001:000075a0       __vcrt_uninitialize        00000001400085a0 f   MSVCRT:ucrt_stubs.obj
 0001:000075a0       _should_initialize_environment 00000001400085a0 f   MSVCRT:env_mode.obj
 0001:000075a4       __local_stdio_printf_options 00000001400085a4 f i MSVCRT:default_local_stdio_options.obj
 0001:000075ac       __local_stdio_scanf_options 00000001400085ac f i MSVCRT:default_local_stdio_options.obj
 0001:000075b4       __scrt_initialize_default_local_stdio_options 00000001400085b4 f   MSVCRT:default_local_stdio_options.obj
 0001:000075d0       __scrt_is_user_matherr_present 00000001400085d0 f   MSVCRT:matherr_detection.obj
 0001:000075dc       __scrt_get_dyn_tls_init_callback 00000001400085dc f   MSVCRT:dyn_tls_init.obj
 0001:000075e4       __scrt_get_dyn_tls_dtor_callback 00000001400085e4 f   MSVCRT:dyn_tls_dtor.obj
 0001:000075ec       _RTC_Initialize            00000001400085ec f   MSVCRT:initsect.obj
 0001:00007628       _RTC_Terminate             0000000140008628 f   MSVCRT:initsect.obj
 0001:00007670       __CxxFrameHandler4         0000000140008670 f   vcruntime:VCRUNTIME140_1.dll
 0001:00007676       __std_terminate            0000000140008676 f   vcruntime:VCRUNTIME140.dll
 0001:0000767c       __C_specific_handler       000000014000867c f   vcruntime:VCRUNTIME140.dll
 0001:00007682       _CxxThrowException         0000000140008682 f   vcruntime:VCRUNTIME140.dll
 0001:00007688       __current_exception        0000000140008688 f   vcruntime:VCRUNTIME140.dll
 0001:0000768e       __current_exception_context 000000014000868e f   vcruntime:VCRUNTIME140.dll
 0001:00007694       memset                     0000000140008694 f   vcruntime:VCRUNTIME140.dll
 0001:0000769a       exit                       000000014000869a f   ucrt:api-ms-win-crt-runtime-l1-1-0.dll
 0001:000076a0       free                       00000001400086a0 f   ucrt:api-ms-win-crt-heap-l1-1-0.dll
 0001:000076a6       malloc                     00000001400086a6 f   ucrt:api-ms-win-crt-heap-l1-1-0.dll
 0001:000076ac       _callnewh                  00000001400086ac f   ucrt:api-ms-win-crt-heap-l1-1-0.dll
 0001:000076b2       _configure_narrow_argv     00000001400086b2 f   ucrt:api-ms-win-crt-runtime-l1-1-0.dll
 0001:000076b8       _initialize_narrow_environment 00000001400086b8 f   ucrt:api-ms-win-crt-runtime-l1-1-0.dll
 0001:000076be       _initialize_onexit_table   00000001400086be f   ucrt:api-ms-win-crt-runtime-l1-1-0.dll
 0001:000076c4       _register_onexit_function  00000001400086c4 f   ucrt:api-ms-win-crt-runtime-l1-1-0.dll
 0001:000076ca       _crt_atexit                00000001400086ca f   ucrt:api-ms-win-crt-runtime-l1-1-0.dll
 0001:000076d0       _cexit                     00000001400086d0 f   ucrt:api-ms-win-crt-runtime-l1-1-0.dll
 0001:000076d6       _seh_filter_exe            00000001400086d6 f   ucrt:api-ms-win-crt-runtime-l1-1-0.dll
 0001:000076dc       _set_app_type              00000001400086dc f   ucrt:api-ms-win-crt-runtime-l1-1-0.dll
 0001:000076e2       __setusermatherr           00000001400086e2 f   ucrt:api-ms-win-crt-math-l1-1-0.dll
 0001:000076e8       _get_initial_narrow_environment 00000001400086e8 f   ucrt:api-ms-win-crt-runtime-l1-1-0.dll
 0001:000076ee       _initterm                  00000001400086ee f   ucrt:api-ms-win-crt-runtime-l1-1-0.dll
 0001:000076f4       _initterm_e                00000001400086f4 f   ucrt:api-ms-win-crt-runtime-l1-1-0.dll
 0001:000076fa       _exit                      00000001400086fa f   ucrt:api-ms-win-crt-runtime-l1-1-0.dll
 0001:00007700       _set_fmode                 0000000140008700 f   ucrt:api-ms-win-crt-stdio-l1-1-0.dll
 0001:00007706       __p___argc                 0000000140008706 f   ucrt:api-ms-win-crt-runtime-l1-1-0.dll
 0001:0000770c       __p___argv                 000000014000870c f   ucrt:api-ms-win-crt-runtime-l1-1-0.dll
 0001:00007712       _c_exit                    0000000140008712 f   ucrt:api-ms-win-crt-runtime-l1-1-0.dll
 0001:00007718       _register_thread_local_exe_atexit_callback 0000000140008718 f   ucrt:api-ms-win-crt-runtime-l1-1-0.dll
 0001:0000771e       _configthreadlocale        000000014000871e f   ucrt:api-ms-win-crt-locale-l1-1-0.dll
 0001:00007724       _set_new_mode              0000000140008724 f   ucrt:api-ms-win-crt-heap-l1-1-0.dll
 0001:0000772a       __p__commode               000000014000872a f   ucrt:api-ms-win-crt-stdio-l1-1-0.dll
 0001:00007730       terminate                  0000000140008730 f   ucrt:api-ms-win-crt-runtime-l1-1-0.dll
 0001:00007738       __GSHandlerCheck           0000000140008738 f   MSVCRT:gshandler.obj
 0001:00007758       __GSHandlerCheckCommon     0000000140008758 f   MSVCRT:gshandler.obj
 0001:000077b8       __GSHandlerCheck_EH4       00000001400087b8 f   MSVCRT:gshandlereh4.obj
 0001:00007837       memcpy                     0000000140008837 f   vcruntime:VCRUNTIME140.dll
 0001:0000783d       memmove                    000000014000883d f   vcruntime:VCRUNTIME140.dll
 0001:00007860       _guard_dispatch_icall_nop  0000000140008860 f   MSVCRT:guard_dispatch.obj
 0001:00007880       _guard_xfg_dispatch_icall_nop 0000000140008880 f   MSVCRT:guard_xfg_dispatch.obj
 0002:00000000       __imp_RtlCaptureContext    0000000140009000     kernel32:KERNEL32.dll
 0002:00000008       __imp_RtlLookupFunctionEntry 0000000140009008     kernel32:KERNEL32.dll
 0002:00000010       __imp_RtlVirtualUnwind     0000000140009010     kernel32:KERNEL32.dll
 0002:00000018       __imp_UnhandledExceptionFilter 0000000140009018     kernel32:KERNEL32.dll
 0002:00000020       __imp_SetUnhandledExceptionFilter 0000000140009020     kernel32:KERNEL32.dll
 0002:00000028       __imp_GetCurrentProcess    0000000140009028     kernel32:KERNEL32.dll
 0002:00000030       __imp_TerminateProcess     0000000140009030     kernel32:KERNEL32.dll
 0002:00000038       __imp_IsProcessorFeaturePresent 0000000140009038     kernel32:KERNEL32.dll
 0002:00000040       __imp_IsDebuggerPresent    0000000140009040     kernel32:KERNEL32.dll
 0002:00000048       __imp_InitializeSListHead  0000000140009048     kernel32:KERNEL32.dll
 0002:00000050       __imp_GetSystemTimeAsFileTime 0000000140009050     kernel32:KERNEL32.dll
 0002:00000058       __imp_GetCurrentThreadId   0000000140009058     kernel32:KERNEL32.dll
 0002:00000060       __imp_GetCurrentProcessId  0000000140009060     kernel32:KERNEL32.dll
 0002:00000068       __imp_QueryPerformanceCounter 0000000140009068     kernel32:KERNEL32.dll
 0002:00000070       __imp_GetModuleHandleW     0000000140009070     kernel32:KERNEL32.dll
 0002:00000078       \177KERNEL32_NULL_THUNK_DATA 0000000140009078     kernel32:KERNEL32.dll
 0002:00000080       __imp_?cerr@std@@3V?$basic_ostream@DU?$char_traits@D@std@@@1@A 0000000140009080     msvcprt:MSVCP140.dll
 0002:00000088       __imp_?id@?$codecvt@DDU_Mbstatet@@@std@@2V0locale@2@A 0000000140009088     msvcprt:MSVCP140.dll
 0002:00000090       __imp_?_Fiopen@std@@YAPEAU_iobuf@@PEBDHH@Z 0000000140009090     msvcprt:MSVCP140.dll
 0002:00000098       __imp_?_Xlength_error@std@@YAXPEBD@Z 0000000140009098     msvcprt:MSVCP140.dll
 0002:000000a0       __imp__Mtx_lock            00000001400090a0     msvcprt:MSVCP140.dll
 0002:000000a8       __imp__Mtx_unlock          00000001400090a8     msvcprt:MSVCP140.dll
 0002:000000b0       __imp_??0?$basic_streambuf@DU?$char_traits@D@std@@@std@@IEAA@XZ 00000001400090b0     msvcprt:MSVCP140.dll
 0002:000000b8       __imp_?getloc@?$basic_streambuf@DU?$char_traits@D@std@@@std@@QEBA?AVlocale@2@XZ 00000001400090b8     msvcprt:MSVCP140.dll
 0002:000000c0       __imp_?snextc@?$basic_streambuf@DU?$char_traits@D@std@@@std@@QEAAHXZ 00000001400090c0     msvcprt:MSVCP140.dll
 0002:000000c8       __imp_?_Init@?$basic_streambuf@DU?$char_traits@D@std@@@std@@IEAAXXZ 00000001400090c8     msvcprt:MSVCP140.dll
 0002:000000d0       __imp_?_Ipfx@?$basic_istream@DU?$char_traits@D@std@@@std@@QEAA_N_N@Z 00000001400090d0     msvcprt:MSVCP140.dll
 0002:000000d8       __imp_?_Osfx@?$basic_ostream@DU?$char_traits@D@std@@@std@@QEAAXXZ 00000001400090d8     msvcprt:MSVCP140.dll
 0002:000000e0       __imp_?unshift@?$codecvt@DDU_Mbstatet@@@std@@QEBAHAEAU_Mbstatet@@PEAD1AEAPEAD@Z 00000001400090e0     msvcprt:MSVCP140.dll
 0002:000000e8       __imp_?_Getcat@?$codecvt@DDU_Mbstatet@@@std@@SA_KPEAPEBVfacet@locale@2@PEBV42@@Z 00000001400090e8     msvcprt:MSVCP140.dll
 0002:000000f0       __imp_?setstate@?$basic_ios@DU?$char_traits@D@std@@@std@@QEAAXH_N@Z 00000001400090f0     msvcprt:MSVCP140.dll
 0002:000000f8       __imp_?widen@?$basic_ios@DU?$char_traits@D@std@@@std@@QEBADD@Z 00000001400090f8     msvcprt:MSVCP140.dll
 0002:00000100       __imp_??0?$basic_ios@DU?$char_traits@D@std@@@std@@IEAA@XZ 0000000140009100     msvcprt:MSVCP140.dll
 0002:00000108       __imp_?sbumpc@?$basic_streambuf@DU?$char_traits@D@std@@@std@@QEAAHXZ 0000000140009108     msvcprt:MSVCP140.dll
 0002:00000110       __imp_?sgetc@?$basic_streambuf@DU?$char_traits@D@std@@@std@@QEAAHXZ 0000000140009110     msvcprt:MSVCP140.dll
 0002:00000118       __imp_?_Id_cnt@id@locale@std@@0HA 0000000140009118     msvcprt:MSVCP140.dll
 0002:00000120       __imp_?sputn@?$basic_streambuf@DU?$char_traits@D@std@@@std@@QEAA_JPEBD_J@Z 0000000140009120     msvcprt:MSVCP140.dll
 0002:00000128       __imp_??0?$basic_ostream@DU?$char_traits@D@std@@@std@@QEAA@PEAV?$basic_streambuf@DU?$char_traits@D@std@@@1@_N@Z 0000000140009128     msvcprt:MSVCP140.dll
 0002:00000130       __imp_?put@?$basic_ostream@DU?$char_traits@D@std@@@std@@QEAAAEAV12@D@Z 0000000140009130     msvcprt:MSVCP140.dll
 0002:00000138       __imp_?flush@?$basic_ostream@DU?$char_traits@D@std@@@std@@QEAAAEAV12@XZ 0000000140009138     msvcprt:MSVCP140.dll
 0002:00000140       __imp_?in@?$codecvt@DDU_Mbstatet@@@std@@QEBAHAEAU_Mbstatet@@PEBD1AEAPEBDPEAD3AEAPEAD@Z 0000000140009140     msvcprt:MSVCP140.dll
 0002:00000148       __imp_?out@?$codecvt@DDU_Mbstatet@@@std@@QEBAHAEAU_Mbstatet@@PEBD1AEAPEBDPEAD3AEAPEAD@Z 0000000140009148     msvcprt:MSVCP140.dll
 0002:00000150       __imp_??1?$basic_ios@DU?$char_traits@D@std@@@std@@UEAA@XZ 0000000140009150     msvcprt:MSVCP140.dll
 0002:00000158       __imp_??1?$basic_streambuf@DU?$char_traits@D@std@@@std@@UEAA@XZ 0000000140009158     msvcprt:MSVCP140.dll
 0002:00000160       __imp_?showmanyc@?$basic_streambuf@DU?$char_traits@D@std@@@std@@MEAA_JXZ 0000000140009160     msvcprt:MSVCP140.dll
 0002:00000168       __imp_?xsgetn@?$basic_streambuf@DU?$char_traits@D@std@@@std@@MEAA_JPEAD_J@Z 0000000140009168     msvcprt:MSVCP140.dll
 0002:00000170       __imp_?xsputn@?$basic_streambuf@DU?$char_traits@D@std@@@std@@MEAA_JPEBD_J@Z 0000000140009170     msvcprt:MSVCP140.dll
 0002:00000178       __imp_?get@?$basic_istream@DU?$char_traits@D@std@@@std@@QEAAHXZ 0000000140009178     msvcprt:MSVCP140.dll
 0002:00000180       __imp_??1?$basic_ostream@DU?$char_traits@D@std@@@std@@UEAA@XZ 0000000140009180     msvcprt:MSVCP140.dll
 0002:00000188       __imp_??6?$basic_ostream@DU?$char_traits@D@std@@@std@@QEAAAEAV01@P6AAEAV01@AEAV01@@Z@Z 0000000140009188     msvcprt:MSVCP140.dll
 0002:00000190       __imp_??6?$basic_ostream@DU?$char_traits@D@std@@@std@@QEAAAEAV01@_K@Z 0000000140009190     msvcprt:MSVCP140.dll
 0002:00000198       __imp_?write@?$basic_ostream@DU?$char_traits@D@std@@@std@@QEAAAEAV12@PEBD_J@Z 0000000140009198     msvcprt:MSVCP140.dll
 0002:000001a0       __imp_?good@ios_base@std@@QEBA_NXZ 00000001400091a0     msvcprt:MSVCP140.dll
 0002:000001a8       __imp_?always_noconv@codecvt_base@std@@QEBA_NXZ 00000001400091a8     msvcprt:MSVCP140.dll
 0002:000001b0       __imp_?_Xbad_alloc@std@@YAXXZ 00000001400091b0     msvcprt:MSVCP140.dll
 0002:000001b8       __imp_?cin@std@@3V?$basic_istream@DU?$char_traits@D@std@@@1@A 00000001400091b8     msvcprt:MSVCP140.dll
 0002:000001c0       __imp_?uncaught_exception@std@@YA_NXZ 00000001400091c0     msvcprt:MSVCP140.dll
 0002:000001c8       __imp_?_Getgloballocale@locale@std@@CAPEAV_Locimp@12@XZ 00000001400091c8     msvcprt:MSVCP140.dll
 0002:000001d0       __imp_?cout@std@@3V?$basic_ostream@DU?$char_traits@D@std@@@1@A 00000001400091d0     msvcprt:MSVCP140.dll
 0002:000001d8       __imp_?_Throw_Cpp_error@std@@YAXH@Z 00000001400091d8     msvcprt:MSVCP140.dll
 0002:000001e0       __imp_??0_Lockit@std@@QEAA@H@Z 00000001400091e0     msvcprt:MSVCP140.dll
 0002:000001e8       __imp_??1_Lockit@std@@QEAA@XZ 00000001400091e8     msvcprt:MSVCP140.dll
 0002:000001f0       __imp_?sputc@?$basic_streambuf@DU?$char_traits@D@std@@@std@@QEAAHD@Z 00000001400091f0     msvcprt:MSVCP140.dll
 0002:000001f8       \177MSVCP140_NULL_THUNK_DATA 00000001400091f8     msvcprt:MSVCP140.dll
 0002:00000200       __imp_?GetExpirationDate@Auth@SyndicateAuthLib@@QEBA?AV?$basic_string@DU?$char_traits@D@std@@V?$allocator@D@2@@std@@XZ 0000000140009200     SyndicateAuth:SyndicateAuth.dll
 0002:00000208       __imp_?DownloadFile@Auth@SyndicateAuthLib@@QEAA?AV?$vector@EV?$allocator@E@std@@@std@@AEBV?$basic_string@DU?$char_traits@D@std@@V?$allocator@D@2@@4@@Z 0000000140009208     SyndicateAuth:SyndicateAuth.dll
 0002:00000210       __imp_?GetLastError@Auth@SyndicateAuthLib@@QEBA?AV?$basic_string@DU?$char_traits@D@std@@V?$allocator@D@2@@std@@XZ 0000000140009210     SyndicateAuth:SyndicateAuth.dll
 0002:00000218       __imp_?ValidateLicense@Auth@SyndicateAuthLib@@QEAA_NAEBV?$basic_string@DU?$char_traits@D@std@@V?$allocator@D@2@@std@@0@Z 0000000140009218     SyndicateAuth:SyndicateAuth.dll
 0002:00000220       __imp_?Initialize@Auth@SyndicateAuthLib@@QEAA_NXZ 0000000140009220     SyndicateAuth:SyndicateAuth.dll
 0002:00000228       __imp_??1Auth@SyndicateAuthLib@@QEAA@XZ 0000000140009228     SyndicateAuth:SyndicateAuth.dll
 0002:00000230       __imp_??0Auth@SyndicateAuthLib@@QEAA@AEBV?$basic_string@DU?$char_traits@D@std@@V?$allocator@D@2@@std@@0@Z 0000000140009230     SyndicateAuth:SyndicateAuth.dll
 0002:00000238       __imp_?GetHwid@Auth@SyndicateAuthLib@@QEBA?AV?$basic_string@DU?$char_traits@D@std@@V?$allocator@D@2@@std@@XZ 0000000140009238     SyndicateAuth:SyndicateAuth.dll
 0002:00000240       \177SyndicateAuth_NULL_THUNK_DATA 0000000140009240     SyndicateAuth:SyndicateAuth.dll
 0002:00000248       __imp___std_exception_destroy 0000000140009248     vcruntime:VCRUNTIME140.dll
 0002:00000250       __imp_memcpy               0000000140009250     vcruntime:VCRUNTIME140.dll
 0002:00000258       __imp___std_exception_copy 0000000140009258     vcruntime:VCRUNTIME140.dll
 0002:00000260       __imp___std_terminate      0000000140009260     vcruntime:VCRUNTIME140.dll
 0002:00000268       __imp___C_specific_handler 0000000140009268     vcruntime:VCRUNTIME140.dll
 0002:00000270       __imp__CxxThrowException   0000000140009270     vcruntime:VCRUNTIME140.dll
 0002:00000278       __imp___current_exception  0000000140009278     vcruntime:VCRUNTIME140.dll
 0002:00000280       __imp_memset               0000000140009280     vcruntime:VCRUNTIME140.dll
 0002:00000288       __imp___current_exception_context 0000000140009288     vcruntime:VCRUNTIME140.dll
 0002:00000290       __imp_memmove              0000000140009290     vcruntime:VCRUNTIME140.dll
 0002:00000298       \177VCRUNTIME140_NULL_THUNK_DATA 0000000140009298     vcruntime:VCRUNTIME140.dll
 0002:000002a0       __imp___CxxFrameHandler4   00000001400092a0     vcruntime:VCRUNTIME140_1.dll
 0002:000002a8       \177VCRUNTIME140_1_NULL_THUNK_DATA 00000001400092a8     vcruntime:VCRUNTIME140_1.dll
 0002:000002b0       __imp__lock_file           00000001400092b0     ucrt:api-ms-win-crt-filesystem-l1-1-0.dll
 0002:000002b8       __imp__unlock_file         00000001400092b8     ucrt:api-ms-win-crt-filesystem-l1-1-0.dll
 0002:000002c0       \177api-ms-win-crt-filesystem-l1-1-0_NULL_THUNK_DATA 00000001400092c0     ucrt:api-ms-win-crt-filesystem-l1-1-0.dll
 0002:000002c8       __imp_free                 00000001400092c8     ucrt:api-ms-win-crt-heap-l1-1-0.dll
 0002:000002d0       __imp_malloc               00000001400092d0     ucrt:api-ms-win-crt-heap-l1-1-0.dll
 0002:000002d8       __imp__callnewh            00000001400092d8     ucrt:api-ms-win-crt-heap-l1-1-0.dll
 0002:000002e0       __imp__set_new_mode        00000001400092e0     ucrt:api-ms-win-crt-heap-l1-1-0.dll
 0002:000002e8       \177api-ms-win-crt-heap-l1-1-0_NULL_THUNK_DATA 00000001400092e8     ucrt:api-ms-win-crt-heap-l1-1-0.dll
 0002:000002f0       __imp__configthreadlocale  00000001400092f0     ucrt:api-ms-win-crt-locale-l1-1-0.dll
 0002:000002f8       \177api-ms-win-crt-locale-l1-1-0_NULL_THUNK_DATA 00000001400092f8     ucrt:api-ms-win-crt-locale-l1-1-0.dll
 0002:00000300       __imp___setusermatherr     0000000140009300     ucrt:api-ms-win-crt-math-l1-1-0.dll
 0002:00000308       \177api-ms-win-crt-math-l1-1-0_NULL_THUNK_DATA 0000000140009308     ucrt:api-ms-win-crt-math-l1-1-0.dll
 0002:00000310       __imp__set_app_type        0000000140009310     ucrt:api-ms-win-crt-runtime-l1-1-0.dll
 0002:00000318       __imp__get_initial_narrow_environment 0000000140009318     ucrt:api-ms-win-crt-runtime-l1-1-0.dll
 0002:00000320       __imp__initterm            0000000140009320     ucrt:api-ms-win-crt-runtime-l1-1-0.dll
 0002:00000328       __imp__initterm_e          0000000140009328     ucrt:api-ms-win-crt-runtime-l1-1-0.dll
 0002:00000330       __imp__exit                0000000140009330     ucrt:api-ms-win-crt-runtime-l1-1-0.dll
 0002:00000338       __imp___p___argc           0000000140009338     ucrt:api-ms-win-crt-runtime-l1-1-0.dll
 0002:00000340       __imp__cexit               0000000140009340     ucrt:api-ms-win-crt-runtime-l1-1-0.dll
 0002:00000348       __imp__c_exit              0000000140009348     ucrt:api-ms-win-crt-runtime-l1-1-0.dll
 0002:00000350       __imp__register_thread_local_exe_atexit_callback 0000000140009350     ucrt:api-ms-win-crt-runtime-l1-1-0.dll
 0002:00000358       __imp__configure_narrow_argv 0000000140009358     ucrt:api-ms-win-crt-runtime-l1-1-0.dll
 0002:00000360       __imp_terminate            0000000140009360     ucrt:api-ms-win-crt-runtime-l1-1-0.dll
 0002:00000368       __imp_exit                 0000000140009368     ucrt:api-ms-win-crt-runtime-l1-1-0.dll
 0002:00000370       __imp__invoke_watson       0000000140009370     ucrt:api-ms-win-crt-runtime-l1-1-0.dll
 0002:00000378       __imp__register_onexit_function 0000000140009378     ucrt:api-ms-win-crt-runtime-l1-1-0.dll
 0002:00000380       __imp__crt_atexit          0000000140009380     ucrt:api-ms-win-crt-runtime-l1-1-0.dll
 0002:00000388       __imp__seh_filter_exe      0000000140009388     ucrt:api-ms-win-crt-runtime-l1-1-0.dll
 0002:00000390       __imp___p___argv           0000000140009390     ucrt:api-ms-win-crt-runtime-l1-1-0.dll
 0002:00000398       __imp_system               0000000140009398     ucrt:api-ms-win-crt-runtime-l1-1-0.dll
 0002:000003a0       __imp__initialize_narrow_environment 00000001400093a0     ucrt:api-ms-win-crt-runtime-l1-1-0.dll
 0002:000003a8       __imp__initialize_onexit_table 00000001400093a8     ucrt:api-ms-win-crt-runtime-l1-1-0.dll
 0002:000003b0       \177api-ms-win-crt-runtime-l1-1-0_NULL_THUNK_DATA 00000001400093b0     ucrt:api-ms-win-crt-runtime-l1-1-0.dll
 0002:000003b8       __imp_fgetpos              00000001400093b8     ucrt:api-ms-win-crt-stdio-l1-1-0.dll
 0002:000003c0       __imp_fwrite               00000001400093c0     ucrt:api-ms-win-crt-stdio-l1-1-0.dll
 0002:000003c8       __imp_ungetc               00000001400093c8     ucrt:api-ms-win-crt-stdio-l1-1-0.dll
 0002:000003d0       __imp_fsetpos              00000001400093d0     ucrt:api-ms-win-crt-stdio-l1-1-0.dll
 0002:000003d8       __imp_fread                00000001400093d8     ucrt:api-ms-win-crt-stdio-l1-1-0.dll
 0002:000003e0       __imp_fgetc                00000001400093e0     ucrt:api-ms-win-crt-stdio-l1-1-0.dll
 0002:000003e8       __imp_fclose               00000001400093e8     ucrt:api-ms-win-crt-stdio-l1-1-0.dll
 0002:000003f0       __imp_fflush               00000001400093f0     ucrt:api-ms-win-crt-stdio-l1-1-0.dll
 0002:000003f8       __imp__get_stream_buffer_pointers 00000001400093f8     ucrt:api-ms-win-crt-stdio-l1-1-0.dll
 0002:00000400       __imp_fputc                0000000140009400     ucrt:api-ms-win-crt-stdio-l1-1-0.dll
 0002:00000408       __imp_setvbuf              0000000140009408     ucrt:api-ms-win-crt-stdio-l1-1-0.dll
 0002:00000410       __imp___p__commode         0000000140009410     ucrt:api-ms-win-crt-stdio-l1-1-0.dll
 0002:00000418       __imp__set_fmode           0000000140009418     ucrt:api-ms-win-crt-stdio-l1-1-0.dll
 0002:00000420       __imp__fseeki64            0000000140009420     ucrt:api-ms-win-crt-stdio-l1-1-0.dll
 0002:00000428       \177api-ms-win-crt-stdio-l1-1-0_NULL_THUNK_DATA 0000000140009428     ucrt:api-ms-win-crt-stdio-l1-1-0.dll
 0002:00000430       __guard_check_icall_fptr   0000000140009430     MSVCRT:guard_support.obj
 0002:00000438       __guard_xfg_check_icall_fptr 0000000140009438     MSVCRT:guard_support.obj
 0002:00000440       __guard_dispatch_icall_fptr 0000000140009440     MSVCRT:guard_support.obj
 0002:00000448       __guard_xfg_dispatch_icall_fptr 0000000140009448     MSVCRT:guard_support.obj
 0002:00000450       __guard_xfg_table_dispatch_icall_fptr 0000000140009450     MSVCRT:guard_support.obj
 0002:00000458       __castguard_check_failure_os_handled_fptr 0000000140009458     MSVCRT:guard_support.obj
 0002:00000460       __guard_memcpy_fptr        0000000140009460     vcruntime:softmemtag.obj
 0002:00000468       __xc_a                     0000000140009468     MSVCRT:initializers.obj
 0002:000004a8       __xc_z                     00000001400094a8     MSVCRT:initializers.obj
 0002:000004b0       __xi_a                     00000001400094b0     MSVCRT:initializers.obj
 0002:000004c8       __xi_z                     00000001400094c8     MSVCRT:initializers.obj
 0002:000004d0       __xp_a                     00000001400094d0     MSVCRT:initializers.obj
 0002:000004d8       __xp_z                     00000001400094d8     MSVCRT:initializers.obj
 0002:000004e0       __xt_a                     00000001400094e0     MSVCRT:initializers.obj
 0002:000004e8       __xt_z                     00000001400094e8     MSVCRT:initializers.obj
 0002:000004f0       __xmm@ffffffffffffffffffffffffffffffff 00000001400094f0     MSVCRT:utility.obj
 0002:00000508       ??_7type_info@@6B@         0000000140009508     MSVCRT:std_type_info_static.obj
 0002:00000528       ??_7exception@std@@6B@     0000000140009528     MSVCRT:throw_bad_alloc.obj
 0002:00000540       ??_7bad_alloc@std@@6B@     0000000140009540     MSVCRT:throw_bad_alloc.obj
 0002:00000550       ??_C@_0P@GHFPNOJB@bad?5allocation@ 0000000140009550     MSVCRT:throw_bad_alloc.obj
 0002:00000568       ??_7bad_array_new_length@std@@6B@ 0000000140009568     MSVCRT:throw_bad_alloc.obj
 0002:00000578       ??_C@_0BC@EOODALEL@Unknown?5exception@ 0000000140009578     main.obj
 0002:00000590       ??_C@_0BF@KINCDENJ@bad?5array?5new?5length@ 0000000140009590     main.obj
 0002:000005a8       ??_C@_0BA@JFNIOLAK@string?5too?5long@ 00000001400095a8     main.obj
 0002:000005b8       ??_C@_08EPJLHIJG@bad?5cast@ 00000001400095b8     main.obj
 0002:000005c4       ??_C@_01EEMJAFIK@?6@       00000001400095c4     main.obj
 0002:000005c8       ??_C@_06LCIDCBMH@?5bytes@  00000001400095c8     main.obj
 0002:000005d0       ??_C@_0BE@ELKNIEBM@downloaded_file?4bin@ 00000001400095d0     main.obj
 0002:000005e4       ??_C@_05PDJBBECF@pause@    00000001400095e4     main.obj
 0002:00000728       ??_7?$basic_filebuf@DU?$char_traits@D@std@@@std@@6B@ 0000000140009728     main.obj
 0002:00000808       ??_7?$basic_ofstream@DU?$char_traits@D@std@@@std@@6B@ 0000000140009808     main.obj
 0002:00000838       ??_7bad_cast@std@@6B@      0000000140009838     main.obj
 0002:0000085c       ??_8?$basic_ofstream@DU?$char_traits@D@std@@@std@@7B@ 000000014000985c     main.obj
 0002:000009b0       __xmm@000000000000000f0000000000000000 00000001400099b0     main.obj
 0002:000009c0       __xmm@00000003000000020000000100000000 00000001400099c0     main.obj
 0002:000009d0       __xmm@00000007000000060000000500000004 00000001400099d0     main.obj
 0002:000009e0       __xmm@0000000b0000000a0000000900000008 00000001400099e0     main.obj
 0002:000009f0       __xmm@0000000f0000000e0000000d0000000c 00000001400099f0     main.obj
 0002:00000a00       __xmm@00000013000000120000001100000010 0000000140009a00     main.obj
 0002:00000a10       __xmm@00000017000000160000001500000014 0000000140009a10     main.obj
 0002:00000a20       __xmm@00000039000000390000003900000039 0000000140009a20     main.obj
 0002:00000a30       __xmm@000000ff000000ff000000ff000000ff 0000000140009a30     main.obj
 0002:00000a40       __xmm@38383838383838383838383838383838 0000000140009a40     main.obj
 0002:00000a50       __xmm@8fb823ef8fb823ef8fb823ef8fb823ef 0000000140009a50     main.obj
 0002:00000a60       _load_config_used          0000000140009a60     MSVCRT:loadcfg.obj
 0002:00000c80       ??_R4type_info@@6B@        0000000140009c80     MSVCRT:std_type_info_static.obj
 0002:00000ca8       ??_R3type_info@@8          0000000140009ca8     MSVCRT:std_type_info_static.obj
 0002:00000cc0       ??_R2type_info@@8          0000000140009cc0     MSVCRT:std_type_info_static.obj
 0002:00000cd0       ??_R1A@?0A@EA@type_info@@8 0000000140009cd0     MSVCRT:std_type_info_static.obj
 0002:00000cf8       ??_R4exception@std@@6B@    0000000140009cf8     main.obj
 0002:00000d20       ??_R2bad_array_new_length@std@@8 0000000140009d20     main.obj
 0002:00000d40       ??_R4?$basic_ofstream@DU?$char_traits@D@std@@@std@@6B@ 0000000140009d40     main.obj
 0002:00000d68       ??_R3?$basic_ofstream@DU?$char_traits@D@std@@@std@@8 0000000140009d68     main.obj
 0002:00000d80       ??_R1A@?0A@EA@bad_cast@std@@8 0000000140009d80     main.obj
 0002:00000da8       ??_R2bad_alloc@std@@8      0000000140009da8     main.obj
 0002:00000dc0       ??_R17A@3EA@?$_Iosb@H@std@@8 0000000140009dc0     main.obj
 0002:00000de8       ??_R1A@?0A@EA@exception@std@@8 0000000140009de8     main.obj
 0002:00000e10       ??_R2?$basic_ofstream@DU?$char_traits@D@std@@@std@@8 0000000140009e10     main.obj
 0002:00000e40       ??_R1A@?0A@EA@?$basic_streambuf@DU?$char_traits@D@std@@@std@@8 0000000140009e40     main.obj
 0002:00000e68       ??_R1A@?0A@EA@bad_alloc@std@@8 0000000140009e68     main.obj
 0002:00000e90       ??_R2bad_cast@std@@8       0000000140009e90     main.obj
 0002:00000ea8       ??_R2exception@std@@8      0000000140009ea8     main.obj
 0002:00000eb8       ??_R2?$basic_ostream@DU?$char_traits@D@std@@@std@@8 0000000140009eb8     main.obj
 0002:00000ee0       ??_R3?$basic_ios@DU?$char_traits@D@std@@@std@@8 0000000140009ee0     main.obj
 0002:00000ef8       ??_R1A@?0A@EA@ios_base@std@@8 0000000140009ef8     main.obj
 0002:00000f20       ??_R3exception@std@@8      0000000140009f20     main.obj
 0002:00000f38       ??_R1A@?0A@EA@?$basic_ostream@DU?$char_traits@D@std@@@std@@8 0000000140009f38     main.obj
 0002:00000f60       ??_R4?$basic_filebuf@DU?$char_traits@D@std@@@std@@6B@ 0000000140009f60     main.obj
 0002:00000f88       ??_R2?$basic_streambuf@DU?$char_traits@D@std@@@std@@8 0000000140009f88     main.obj
 0002:00000f98       ??_R1A@?0A@EA@?$_Iosb@H@std@@8 0000000140009f98     main.obj
 0002:00000fc0       ??_R3bad_cast@std@@8       0000000140009fc0     main.obj
 0002:00000fd8       ??_R4bad_alloc@std@@6B@    0000000140009fd8     main.obj
 0002:00001000       ??_R4bad_cast@std@@6B@     000000014000a000     main.obj
 0002:00001028       ??_R3bad_array_new_length@std@@8 000000014000a028     main.obj
 0002:00001040       ??_R1A@?0A@EA@?$basic_ofstream@DU?$char_traits@D@std@@@std@@8 000000014000a040     main.obj
 0002:00001068       ??_R3bad_alloc@std@@8      000000014000a068     main.obj
 0002:00001080       ??_R1A@?0A@EA@?$basic_filebuf@DU?$char_traits@D@std@@@std@@8 000000014000a080     main.obj
 0002:000010a8       ??_R1A@A@3FA@?$basic_ios@DU?$char_traits@D@std@@@std@@8 000000014000a0a8     main.obj
 0002:000010d0       ??_R4bad_array_new_length@std@@6B@ 000000014000a0d0     main.obj
 0002:000010f8       ??_R3?$basic_filebuf@DU?$char_traits@D@std@@@std@@8 000000014000a0f8     main.obj
 0002:00001110       ??_R2ios_base@std@@8       000000014000a110     main.obj
 0002:00001128       ??_R3?$basic_ostream@DU?$char_traits@D@std@@@std@@8 000000014000a128     main.obj
 0002:00001140       ??_R3ios_base@std@@8       000000014000a140     main.obj
 0002:00001158       ??_R2?$basic_filebuf@DU?$char_traits@D@std@@@std@@8 000000014000a158     main.obj
 0002:00001170       ??_R3?$basic_streambuf@DU?$char_traits@D@std@@@std@@8 000000014000a170     main.obj
 0002:00001188       ??_R1A@?0A@EA@bad_array_new_length@std@@8 000000014000a188     main.obj
 0002:000011b0       ??_R2?$_Iosb@H@std@@8      000000014000a1b0     main.obj
 0002:000011c0       ??_R1A@A@3EA@ios_base@std@@8 000000014000a1c0     main.obj
 0002:000011e8       ??_R1A@?0A@EA@?$basic_ios@DU?$char_traits@D@std@@@std@@8 000000014000a1e8     main.obj
 0002:00001210       ??_R3?$_Iosb@H@std@@8      000000014000a210     main.obj
 0002:00001228       ??_R17?0A@EA@?$_Iosb@H@std@@8 000000014000a228     main.obj
 0002:00001250       ??_R2?$basic_ios@DU?$char_traits@D@std@@@std@@8 000000014000a250     main.obj
 0002:0000126c       __volatile_metadata        000000014000a26c     <linker-defined>
 0002:000016a8       __rtc_iaa                  000000014000a6a8     MSVCRT:initsect.obj
 0002:000016b0       __rtc_izz                  000000014000a6b0     MSVCRT:initsect.obj
 0002:000016b8       __rtc_taa                  000000014000a6b8     MSVCRT:initsect.obj
 0002:000016c0       __rtc_tzz                  000000014000a6c0     MSVCRT:initsect.obj
 0002:00001e18       _TI2?AVbad_alloc@std@@     000000014000ae18     MSVCRT:throw_bad_alloc.obj
 0002:00001e38       _CTA2?AVbad_alloc@std@@    000000014000ae38     MSVCRT:throw_bad_alloc.obj
 0002:00001e50       _CTA3?AVbad_array_new_length@std@@ 000000014000ae50     main.obj
 0002:00001e70       _CTA2?AVbad_cast@std@@     000000014000ae70     main.obj
 0002:00001e88       _TI2?AVbad_cast@std@@      000000014000ae88     main.obj
 0002:00001ea8       _CT??_R0?AVbad_array_new_length@std@@@8??0bad_array_new_length@std@@QEAA@AEBV01@@Z24 000000014000aea8     main.obj
 0002:00001ed0       _CT??_R0?AVbad_cast@std@@@8??0bad_cast@std@@QEAA@AEBV01@@Z24 000000014000aed0     main.obj
 0002:00001ef8       _CT??_R0?AVbad_alloc@std@@@8??0bad_alloc@std@@QEAA@AEBV01@@Z24 000000014000aef8     main.obj
 0002:00001f20       _CT??_R0?AVexception@std@@@8??0exception@std@@QEAA@AEBV01@@Z24 000000014000af20     main.obj
 0002:00001f48       _TI3?AVbad_array_new_length@std@@ 000000014000af48     main.obj
 0002:0000201c       __IMPORT_DESCRIPTOR_SyndicateAuth 000000014000b01c     SyndicateAuth:SyndicateAuth.dll
 0002:00002030       __IMPORT_DESCRIPTOR_MSVCP140 000000014000b030     msvcprt:MSVCP140.dll
 0002:00002044       __IMPORT_DESCRIPTOR_VCRUNTIME140_1 000000014000b044     vcruntime:VCRUNTIME140_1.dll
 0002:00002058       __IMPORT_DESCRIPTOR_VCRUNTIME140 000000014000b058     vcruntime:VCRUNTIME140.dll
 0002:0000206c       __IMPORT_DESCRIPTOR_api-ms-win-crt-runtime-l1-1-0 000000014000b06c     ucrt:api-ms-win-crt-runtime-l1-1-0.dll
 0002:00002080       __IMPORT_DESCRIPTOR_api-ms-win-crt-stdio-l1-1-0 000000014000b080     ucrt:api-ms-win-crt-stdio-l1-1-0.dll
 0002:00002094       __IMPORT_DESCRIPTOR_api-ms-win-crt-filesystem-l1-1-0 000000014000b094     ucrt:api-ms-win-crt-filesystem-l1-1-0.dll
 0002:000020a8       __IMPORT_DESCRIPTOR_api-ms-win-crt-heap-l1-1-0 000000014000b0a8     ucrt:api-ms-win-crt-heap-l1-1-0.dll
 0002:000020bc       __IMPORT_DESCRIPTOR_api-ms-win-crt-math-l1-1-0 000000014000b0bc     ucrt:api-ms-win-crt-math-l1-1-0.dll
 0002:000020d0       __IMPORT_DESCRIPTOR_api-ms-win-crt-locale-l1-1-0 000000014000b0d0     ucrt:api-ms-win-crt-locale-l1-1-0.dll
 0002:000020e4       __IMPORT_DESCRIPTOR_KERNEL32 000000014000b0e4     kernel32:KERNEL32.dll
 0002:000020f8       __NULL_IMPORT_DESCRIPTOR   000000014000b0f8     SyndicateAuth:SyndicateAuth.dll
 0003:00000000       __scrt_native_dllmain_reason 000000014000d000     MSVCRT:utility.obj
 0003:00000040       __security_cookie          000000014000d040     MSVCRT:gs_cookie.obj
 0003:00000080       __security_cookie_complement 000000014000d080     MSVCRT:gs_cookie.obj
 0003:00000088       __isa_available            000000014000d088     MSVCRT:cpu_disp.obj
 0003:0000008c       __isa_enabled              000000014000d08c     MSVCRT:cpu_disp.obj
 0003:00000090       __memset_fast_string_threshold 000000014000d090     MSVCRT:cpu_disp.obj
 0003:00000098       __memset_nt_threshold      000000014000d098     MSVCRT:cpu_disp.obj
 0003:000000a0       __isa_inverted             000000014000d0a0     MSVCRT:cpu_disp.obj
 0003:000000a8       __scrt_default_matherr     000000014000d0a8     MSVCRT:matherr.obj
 0003:000000b0       __scrt_ucrt_dll_is_in_use  000000014000d0b0     MSVCRT:ucrt_stubs.obj
 0003:000000c0       ?licenseMutex@@3Vmutex@std@@A 000000014000d0c0     main.obj
 0003:00000110       ??_R0?AVbad_alloc@std@@@8  000000014000d110     main.obj
 0003:00000138       ??_R0?AVbad_cast@std@@@8   000000014000d138     main.obj
 0003:00000160       ??_R0?AVexception@std@@@8  000000014000d160     main.obj
 0003:00000188       ??_R0?AVbad_array_new_length@std@@@8 000000014000d188     main.obj
 0003:000001c0       ??_R0?AVtype_info@@@8      000000014000d1c0     MSVCRT:std_type_info_static.obj
 0003:000001e0       ??_R0?AV?$basic_filebuf@DU?$char_traits@D@std@@@std@@@8 000000014000d1e0     main.obj
 0003:00000228       ??_R0?AVios_base@std@@@8   000000014000d228     main.obj
 0003:00000250       ??_R0?AV?$_Iosb@H@std@@@8  000000014000d250     main.obj
 0003:00000280       ??_R0?AV?$basic_ofstream@DU?$char_traits@D@std@@@std@@@8 000000014000d280     main.obj
 0003:000002d0       ??_R0?AV?$basic_streambuf@DU?$char_traits@D@std@@@std@@@8 000000014000d2d0     main.obj
 0003:00000318       ??_R0?AV?$basic_ios@DU?$char_traits@D@std@@@std@@@8 000000014000d318     main.obj
 0003:00000360       ??_R0?AV?$basic_ostream@DU?$char_traits@D@std@@@std@@@8 000000014000d360     main.obj
 0003:000003c0       __scrt_current_native_startup_state 000000014000d3c0     MSVCRT:utility.obj
 0003:000003c8       __scrt_native_startup_lock 000000014000d3c8     MSVCRT:utility.obj
 0003:00000980       __favor                    000000014000d980     MSVCRT:cpu_disp.obj
 0003:00000984       __avx10_version            000000014000d984     MSVCRT:cpu_disp.obj
 0003:00000988       __scrt_debugger_hook_flag  000000014000d988     MSVCRT:utility_desktop.obj
 0003:00000990       ?__type_info_root_node@@3U__type_info_node@@A 000000014000d990     MSVCRT:tncleanup.obj
 0003:000009a0       ?_OptionsStorage@?1??__local_stdio_printf_options@@9@4_KA 000000014000d9a0     MSVCRT:default_local_stdio_options.obj
 0003:000009a8       ?_OptionsStorage@?1??__local_stdio_scanf_options@@9@4_KA 000000014000d9a8     MSVCRT:default_local_stdio_options.obj
 0003:000009b0       ?licenseValid@@3U?$atomic@_N@std@@A 000000014000d9b0     main.obj
 0003:000009c0       ?auth@@3VAuth@SyndicateAuthLib@@A 000000014000d9c0     main.obj
 0003:00000a88       ?secretKey@@3V?$basic_string@DU?$char_traits@D@std@@V?$allocator@D@2@@std@@A 000000014000da88     main.obj
 0003:00000aa8       ?productId@@3V?$basic_string@DU?$char_traits@D@std@@V?$allocator@D@2@@std@@A 000000014000daa8     main.obj
 0003:00000ac8       ?apiKey@@3V?$basic_string@DU?$char_traits@D@std@@V?$allocator@D@2@@std@@A 000000014000dac8     main.obj
 0003:00000ae8       ?FILE_Id@@3V?$basic_string@DU?$char_traits@D@std@@V?$allocator@D@2@@std@@A 000000014000dae8     main.obj
 0003:00000b08       ?_Psave@?$_Facetptr@V?$codecvt@DDU_Mbstatet@@@std@@@std@@2PEBVfacet@locale@2@EB 000000014000db08     main.obj
 0003:00000b10       ?_Stinit@?1??_Init@?$basic_filebuf@DU?$char_traits@D@std@@@std@@IEAAXPEAU_iobuf@@W4_Initfl@23@@Z@4U_Mbstatet@@A 000000014000db10     main.obj
 0003:00000b18       __dyn_tls_dtor_callback    000000014000db18     <common>
 0003:00000b20       __dyn_tls_init_callback    000000014000db20     <common>

 entry point at        0001:00006e20

 Static symbols

 0000:fffef000       .debug$S                   0000000140000000     SyndicateAuthCPP.exp
 0000:fffef000       .debug$S                   0000000140000000     ucrt:api-ms-win-crt-filesystem-l1-1-0.dll
 0000:fffef000       .debug$S                   0000000140000000     ucrt:api-ms-win-crt-filesystem-l1-1-0.dll
 0000:fffef000       .debug$S                   0000000140000000     ucrt:api-ms-win-crt-heap-l1-1-0.dll
 0000:fffef000       .debug$S                   0000000140000000     ucrt:api-ms-win-crt-heap-l1-1-0.dll
 0000:fffef000       .debug$S                   0000000140000000     ucrt:api-ms-win-crt-heap-l1-1-0.dll
 0000:fffef000       .debug$S                   0000000140000000     ucrt:api-ms-win-crt-heap-l1-1-0.dll
 0000:fffef000       .debug$S                   0000000140000000     ucrt:api-ms-win-crt-locale-l1-1-0.dll
 0000:fffef000       .debug$S                   0000000140000000     ucrt:api-ms-win-crt-math-l1-1-0.dll
 0000:fffef000       .debug$S                   0000000140000000     ucrt:api-ms-win-crt-runtime-l1-1-0.dll
 0000:fffef000       .debug$S                   0000000140000000     ucrt:api-ms-win-crt-runtime-l1-1-0.dll
 0000:fffef000       .debug$S                   0000000140000000     ucrt:api-ms-win-crt-runtime-l1-1-0.dll
 0000:fffef000       .debug$S                   0000000140000000     ucrt:api-ms-win-crt-runtime-l1-1-0.dll
 0000:fffef000       .debug$S                   0000000140000000     ucrt:api-ms-win-crt-runtime-l1-1-0.dll
 0000:fffef000       .debug$S                   0000000140000000     ucrt:api-ms-win-crt-runtime-l1-1-0.dll
 0000:fffef000       .debug$S                   0000000140000000     ucrt:api-ms-win-crt-runtime-l1-1-0.dll
 0000:fffef000       .debug$S                   0000000140000000     ucrt:api-ms-win-crt-runtime-l1-1-0.dll
 0000:fffef000       .debug$S                   0000000140000000     ucrt:api-ms-win-crt-runtime-l1-1-0.dll
 0000:fffef000       .debug$S                   0000000140000000     ucrt:api-ms-win-crt-runtime-l1-1-0.dll
 0000:fffef000       .debug$S                   0000000140000000     ucrt:api-ms-win-crt-runtime-l1-1-0.dll
 0000:fffef000       .debug$S                   0000000140000000     ucrt:api-ms-win-crt-runtime-l1-1-0.dll
 0000:fffef000       .debug$S                   0000000140000000     ucrt:api-ms-win-crt-runtime-l1-1-0.dll
 0000:fffef000       .debug$S                   0000000140000000     ucrt:api-ms-win-crt-runtime-l1-1-0.dll
 0000:fffef000       .debug$S                   0000000140000000     ucrt:api-ms-win-crt-runtime-l1-1-0.dll
 0000:fffef000       .debug$S                   0000000140000000     ucrt:api-ms-win-crt-runtime-l1-1-0.dll
 0000:fffef000       .debug$S                   0000000140000000     ucrt:api-ms-win-crt-runtime-l1-1-0.dll
 0000:fffef000       .debug$S                   0000000140000000     ucrt:api-ms-win-crt-runtime-l1-1-0.dll
 0000:fffef000       .debug$S                   0000000140000000     ucrt:api-ms-win-crt-runtime-l1-1-0.dll
 0000:fffef000       .debug$S                   0000000140000000     ucrt:api-ms-win-crt-runtime-l1-1-0.dll
 0000:fffef000       .debug$S                   0000000140000000     ucrt:api-ms-win-crt-runtime-l1-1-0.dll
 0000:fffef000       .debug$S                   0000000140000000     ucrt:api-ms-win-crt-runtime-l1-1-0.dll
 0000:fffef000       .debug$S                   0000000140000000     ucrt:api-ms-win-crt-runtime-l1-1-0.dll
 0000:fffef000       .debug$S                   0000000140000000     ucrt:api-ms-win-crt-stdio-l1-1-0.dll
 0000:fffef000       .debug$S                   0000000140000000     ucrt:api-ms-win-crt-stdio-l1-1-0.dll
 0000:fffef000       .debug$S                   0000000140000000     ucrt:api-ms-win-crt-stdio-l1-1-0.dll
 0000:fffef000       .debug$S                   0000000140000000     ucrt:api-ms-win-crt-stdio-l1-1-0.dll
 0000:fffef000       .debug$S                   0000000140000000     ucrt:api-ms-win-crt-stdio-l1-1-0.dll
 0000:fffef000       .debug$S                   0000000140000000     ucrt:api-ms-win-crt-stdio-l1-1-0.dll
 0000:fffef000       .debug$S                   0000000140000000     ucrt:api-ms-win-crt-stdio-l1-1-0.dll
 0000:fffef000       .debug$S                   0000000140000000     ucrt:api-ms-win-crt-stdio-l1-1-0.dll
 0000:fffef000       .debug$S                   0000000140000000     ucrt:api-ms-win-crt-stdio-l1-1-0.dll
 0000:fffef000       .debug$S                   0000000140000000     ucrt:api-ms-win-crt-stdio-l1-1-0.dll
 0000:fffef000       .debug$S                   0000000140000000     ucrt:api-ms-win-crt-stdio-l1-1-0.dll
 0000:fffef000       .debug$S                   0000000140000000     ucrt:api-ms-win-crt-stdio-l1-1-0.dll
 0000:fffef000       .debug$S                   0000000140000000     ucrt:api-ms-win-crt-stdio-l1-1-0.dll
 0000:fffef000       .debug$S                   0000000140000000     ucrt:api-ms-win-crt-stdio-l1-1-0.dll
 0000:fffef000       .debug$S                   0000000140000000     kernel32:KERNEL32.dll
 0000:fffef000       .debug$S                   0000000140000000     kernel32:KERNEL32.dll
 0000:fffef000       .debug$S                   0000000140000000     kernel32:KERNEL32.dll
 0000:fffef000       .debug$S                   0000000140000000     kernel32:KERNEL32.dll
 0000:fffef000       .debug$S                   0000000140000000     kernel32:KERNEL32.dll
 0000:fffef000       .debug$S                   0000000140000000     kernel32:KERNEL32.dll
 0000:fffef000       .debug$S                   0000000140000000     kernel32:KERNEL32.dll
 0000:fffef000       .debug$S                   0000000140000000     kernel32:KERNEL32.dll
 0000:fffef000       .debug$S                   0000000140000000     kernel32:KERNEL32.dll
 0000:fffef000       .debug$S                   0000000140000000     kernel32:KERNEL32.dll
 0000:fffef000       .debug$S                   0000000140000000     kernel32:KERNEL32.dll
 0000:fffef000       .debug$S                   0000000140000000     kernel32:KERNEL32.dll
 0000:fffef000       .debug$S                   0000000140000000     kernel32:KERNEL32.dll
 0000:fffef000       .debug$S                   0000000140000000     kernel32:KERNEL32.dll
 0000:fffef000       .debug$S                   0000000140000000     kernel32:KERNEL32.dll
 0000:fffef000       .debug$S                   0000000140000000     kernel32:KERNEL32.dll
 0000:fffef000       .debug$S                   0000000140000000     msvcprt:MSVCP140.dll
 0000:fffef000       .debug$S                   0000000140000000     msvcprt:MSVCP140.dll
 0000:fffef000       .debug$S                   0000000140000000     msvcprt:MSVCP140.dll
 0000:fffef000       .debug$S                   0000000140000000     msvcprt:MSVCP140.dll
 0000:fffef000       .debug$S                   0000000140000000     msvcprt:MSVCP140.dll
 0000:fffef000       .debug$S                   0000000140000000     msvcprt:MSVCP140.dll
 0000:fffef000       .debug$S                   0000000140000000     msvcprt:MSVCP140.dll
 0000:fffef000       .debug$S                   0000000140000000     msvcprt:MSVCP140.dll
 0000:fffef000       .debug$S                   0000000140000000     msvcprt:MSVCP140.dll
 0000:fffef000       .debug$S                   0000000140000000     msvcprt:MSVCP140.dll
 0000:fffef000       .debug$S                   0000000140000000     msvcprt:MSVCP140.dll
 0000:fffef000       .debug$S                   0000000140000000     msvcprt:MSVCP140.dll
 0000:fffef000       .debug$S                   0000000140000000     msvcprt:MSVCP140.dll
 0000:fffef000       .debug$S                   0000000140000000     msvcprt:MSVCP140.dll
 0000:fffef000       .debug$S                   0000000140000000     msvcprt:MSVCP140.dll
 0000:fffef000       .debug$S                   0000000140000000     msvcprt:MSVCP140.dll
 0000:fffef000       .debug$S                   0000000140000000     msvcprt:MSVCP140.dll
 0000:fffef000       .debug$S                   0000000140000000     msvcprt:MSVCP140.dll
 0000:fffef000       .debug$S                   0000000140000000     msvcprt:MSVCP140.dll
 0000:fffef000       .debug$S                   0000000140000000     msvcprt:MSVCP140.dll
 0000:fffef000       .debug$S                   0000000140000000     msvcprt:MSVCP140.dll
 0000:fffef000       .debug$S                   0000000140000000     msvcprt:MSVCP140.dll
 0000:fffef000       .debug$S                   0000000140000000     msvcprt:MSVCP140.dll
 0000:fffef000       .debug$S                   0000000140000000     msvcprt:MSVCP140.dll
 0000:fffef000       .debug$S                   0000000140000000     msvcprt:MSVCP140.dll
 0000:fffef000       .debug$S                   0000000140000000     msvcprt:MSVCP140.dll
 0000:fffef000       .debug$S                   0000000140000000     msvcprt:MSVCP140.dll
 0000:fffef000       .debug$S                   0000000140000000     msvcprt:MSVCP140.dll
 0000:fffef000       .debug$S                   0000000140000000     msvcprt:MSVCP140.dll
 0000:fffef000       .debug$S                   0000000140000000     msvcprt:MSVCP140.dll
 0000:fffef000       .debug$S                   0000000140000000     msvcprt:MSVCP140.dll
 0000:fffef000       .debug$S                   0000000140000000     msvcprt:MSVCP140.dll
 0000:fffef000       .debug$S                   0000000140000000     msvcprt:MSVCP140.dll
 0000:fffef000       .debug$S                   0000000140000000     msvcprt:MSVCP140.dll
 0000:fffef000       .debug$S                   0000000140000000     msvcprt:MSVCP140.dll
 0000:fffef000       .debug$S                   0000000140000000     msvcprt:MSVCP140.dll
 0000:fffef000       .debug$S                   0000000140000000     msvcprt:MSVCP140.dll
 0000:fffef000       .debug$S                   0000000140000000     msvcprt:MSVCP140.dll
 0000:fffef000       .debug$S                   0000000140000000     msvcprt:MSVCP140.dll
 0000:fffef000       .debug$S                   0000000140000000     msvcprt:MSVCP140.dll
 0000:fffef000       .debug$S                   0000000140000000     msvcprt:MSVCP140.dll
 0000:fffef000       .debug$S                   0000000140000000     msvcprt:MSVCP140.dll
 0000:fffef000       .debug$S                   0000000140000000     msvcprt:MSVCP140.dll
 0000:fffef000       .debug$S                   0000000140000000     msvcprt:MSVCP140.dll
 0000:fffef000       .debug$S                   0000000140000000     msvcprt:MSVCP140.dll
 0000:fffef000       .debug$S                   0000000140000000     msvcprt:MSVCP140.dll
 0000:fffef000       .debug$S                   0000000140000000     msvcprt:MSVCP140.dll
 0000:fffef000       .debug$S                   0000000140000000     msvcprt:MSVCP140.dll
 0000:fffef000       .debug$S                   0000000140000000     msvcprt:MSVCP140.dll
 0000:fffef000       .debug$S                   0000000140000000     msvcprt:MSVCP140.dll
 0000:fffef000       .debug$S                   0000000140000000     msvcprt:MSVCP140.dll
 0000:fffef000       .debug$S                   0000000140000000     msvcprt:MSVCP140.dll
 0000:fffef000       .debug$S                   0000000140000000     msvcprt:MSVCP140.dll
 0000:fffef000       .debug$S                   0000000140000000     msvcprt:MSVCP140.dll
 0000:fffef000       .debug$S                   0000000140000000     msvcprt:MSVCP140.dll
 0000:fffef000       .debug$S                   0000000140000000     msvcprt:MSVCP140.dll
 0000:fffef000       .debug$S                   0000000140000000     msvcprt:MSVCP140.dll
 0000:fffef000       .debug$S                   0000000140000000     msvcprt:MSVCP140.dll
 0000:fffef000       .debug$S                   0000000140000000     msvcprt:MSVCP140.dll
 0000:fffef000       .debug$S                   0000000140000000     msvcprt:MSVCP140.dll
 0000:fffef000       .debug$S                   0000000140000000     msvcprt:MSVCP140.dll
 0000:fffef000       .debug$S                   0000000140000000     msvcprt:MSVCP140.dll
 0000:fffef000       .debug$S                   0000000140000000     msvcprt:MSVCP140.dll
 0000:fffef000       .debug$S                   0000000140000000     msvcprt:MSVCP140.dll
 0000:fffef000       .debug$S                   0000000140000000     msvcprt:MSVCP140.dll
 0000:fffef000       .debug$S                   0000000140000000     msvcprt:MSVCP140.dll
 0000:fffef000       .debug$S                   0000000140000000     msvcprt:MSVCP140.dll
 0000:fffef000       .debug$S                   0000000140000000     msvcprt:MSVCP140.dll
 0000:fffef000       .debug$S                   0000000140000000     vcruntime:VCRUNTIME140.dll
 0000:fffef000       .debug$S                   0000000140000000     vcruntime:VCRUNTIME140.dll
 0000:fffef000       .debug$S                   0000000140000000     vcruntime:VCRUNTIME140.dll
 0000:fffef000       .debug$S                   0000000140000000     vcruntime:VCRUNTIME140.dll
 0000:fffef000       .debug$S                   0000000140000000     vcruntime:VCRUNTIME140.dll
 0000:fffef000       .debug$S                   0000000140000000     vcruntime:VCRUNTIME140.dll
 0000:fffef000       .debug$S                   0000000140000000     vcruntime:VCRUNTIME140.dll
 0000:fffef000       .debug$S                   0000000140000000     vcruntime:VCRUNTIME140.dll
 0000:fffef000       .debug$S                   0000000140000000     vcruntime:VCRUNTIME140.dll
 0000:fffef000       .debug$S                   0000000140000000     vcruntime:VCRUNTIME140.dll
 0000:fffef000       .debug$S                   0000000140000000     vcruntime:VCRUNTIME140.dll
 0000:fffef000       .debug$S                   0000000140000000     vcruntime:VCRUNTIME140_1.dll
 0000:fffef000       .debug$S                   0000000140000000     SyndicateAuth:SyndicateAuth.dll
 0000:fffef000       .debug$S                   0000000140000000     SyndicateAuth:SyndicateAuth.dll
 0000:fffef000       .debug$S                   0000000140000000     SyndicateAuth:SyndicateAuth.dll
 0000:fffef000       .debug$S                   0000000140000000     SyndicateAuth:SyndicateAuth.dll
 0000:fffef000       .debug$S                   0000000140000000     SyndicateAuth:SyndicateAuth.dll
 0000:fffef000       .debug$S                   0000000140000000     SyndicateAuth:SyndicateAuth.dll
 0000:fffef000       .debug$S                   0000000140000000     SyndicateAuth:SyndicateAuth.dll
 0000:fffef000       .debug$S                   0000000140000000     SyndicateAuth:SyndicateAuth.dll
 0001:00000000       ??__EapiKey@@YAXXZ         0000000140001000 f   main.obj
 0001:00000170       ??__EsecretKey@@YAXXZ      0000000140001170 f   main.obj
 0001:000002e0       ??__EproductId@@YAXXZ      00000001400012e0 f   main.obj
 0001:00000450       ??__EFILE_Id@@YAXXZ        0000000140001450 f   main.obj
 0001:000004c0       ??__Eauth@@YAXXZ           00000001400014c0 f   main.obj
 0001:000004f0       ??__E_Fac_tidy_reg@std@@YAXXZ 00000001400014f0 f   msvcprt:locale0_implib.obj
 0001:00002340       ??R<lambda_7>@?4??OnLicenseValidated@@YAXXZ@QEBA@XZ 0000000140003340 f   main.obj
 0001:00002370       ??R<lambda_8>@?7??OnLicenseValidated@@YAXXZ@QEBA@XZ 0000000140003370 f   main.obj
 0001:000068e0       $$000000                   00000001400078e0     MSVCRT:amdsecgs.obj
 0001:00006bc0       ?pre_c_initialization@@YAHXZ 0000000140007bc0 f   MSVCRT:exe_main.obj
 0001:00006c78       ?post_pgo_initialization@@YAHXZ 0000000140007c78 f   MSVCRT:exe_main.obj
 0001:00006c88       ?pre_cpp_initialization@@YAXXZ 0000000140007c88 f   MSVCRT:exe_main.obj
 0001:00006ca4       ?__scrt_common_main_seh@@YAHXZ 0000000140007ca4 f   MSVCRT:exe_main.obj
 0001:00006f40       capture_previous_context   0000000140007f40 f   MSVCRT:gs_report.obj
 0001:00007850       $$000000                   0000000140008850     MSVCRT:guard_dispatch.obj
 0001:00007870       $$000000                   0000000140008870     MSVCRT:guard_xfg_dispatch.obj
 0001:00007890       ?dtor$0@?0???0Auth@SyndicateAuthLib@@QEAA@AEBV01@@Z@4HA 0000000140008890 f   main.obj
 0001:0000789c       ?dtor$1@?0???0Auth@SyndicateAuthLib@@QEAA@AEBV01@@Z@4HA 000000014000889c f   main.obj
 0001:000078ac       ?dtor$2@?0???0Auth@SyndicateAuthLib@@QEAA@AEBV01@@Z@4HA 00000001400088ac f   main.obj
 0001:000078bc       ?dtor$3@?0???0Auth@SyndicateAuthLib@@QEAA@AEBV01@@Z@4HA 00000001400088bc f   main.obj
 0001:000078cc       ?dtor$4@?0???0Auth@SyndicateAuthLib@@QEAA@AEBV01@@Z@4HA 00000001400088cc f   main.obj
 0001:000078e0       ?dtor$0@?0??OnLicenseValidated@@YAXXZ@4HA 00000001400088e0 f   main.obj
 0001:000078ec       ?dtor$1@?0??OnLicenseValidated@@YAXXZ@4HA 00000001400088ec f   main.obj
 0001:000078f8       ?dtor$2@?0??OnLicenseValidated@@YAXXZ@4HA 00000001400088f8 f   main.obj
 0001:00007904       ?dtor$3@?0??OnLicenseValidated@@YAXXZ@4HA 0000000140008904 f   main.obj
 0001:00007910       ?dtor$4@?0??OnLicenseValidated@@YAXXZ@4HA 0000000140008910 f   main.obj
 0001:0000791c       ?dtor$5@?0??OnLicenseValidated@@YAXXZ@4HA 000000014000891c f   main.obj
 0001:00007930       main$dtor$0                0000000140008930 f   main.obj
 0001:0000793c       main$dtor$1                000000014000893c f   main.obj
 0001:00007948       main$dtor$3                0000000140008948 f   main.obj
 0001:00007960       ?dtor$11@?0???$?6U?$char_traits@D@std@@@std@@YAAEAV?$basic_ostream@DU?$char_traits@D@std@@@0@AEAV10@PEBD@Z@4HA 0000000140008960 f   main.obj
 0001:00007960       ?dtor$11@?0???$_Insert_string@DU?$char_traits@D@std@@_K@std@@YAAEAV?$basic_ostream@DU?$char_traits@D@std@@@0@AEAV10@QEBD_K@Z@4HA 0000000140008960 f   main.obj
 0001:0000796c       ?dtor$0@?0???$?6U?$char_traits@D@std@@@std@@YAAEAV?$basic_ostream@DU?$char_traits@D@std@@@0@AEAV10@PEBD@Z@4HA 000000014000896c f   main.obj
 0001:0000796c       ?dtor$0@?0???$_Insert_string@DU?$char_traits@D@std@@_K@std@@YAAEAV?$basic_ostream@DU?$char_traits@D@std@@@0@AEAV10@QEBD_K@Z@4HA 000000014000896c f   main.obj
 0001:00007978       ?catch$17@?0???$?6U?$char_traits@D@std@@@std@@YAAEAV?$basic_ostream@DU?$char_traits@D@std@@@0@AEAV10@PEBD@Z@4HA 0000000140008978 f   main.obj
 0001:00007978       ?catch$17@?0???$_Insert_string@DU?$char_traits@D@std@@_K@std@@YAAEAV?$basic_ostream@DU?$char_traits@D@std@@@0@AEAV10@QEBD_K@Z@4HA 0000000140008978 f   main.obj
 0001:00007985       __catch$??$?6U?$char_traits@D@std@@@std@@YAAEAV?$basic_ostream@DU?$char_traits@D@std@@@0@AEAV10@PEBD@Z$0 0000000140008985 f   main.obj
 0001:00007985       __catch$??$_Insert_string@DU?$char_traits@D@std@@_K@std@@YAAEAV?$basic_ostream@DU?$char_traits@D@std@@@0@AEAV10@QEBD_K@Z$0 0000000140008985 f   main.obj
 0001:000079c0       ?dtor$0@?0???0?$basic_ofstream@DU?$char_traits@D@std@@@std@@QEAA@PEBDHH@Z@4HA 00000001400089c0 f   main.obj
 0001:000079ee       ?dtor$1@?0???0?$basic_ofstream@DU?$char_traits@D@std@@@std@@QEAA@PEBDHH@Z@4HA 00000001400089ee f   main.obj
 0001:00007a00       ?dtor$2@?0???0?$basic_ofstream@DU?$char_traits@D@std@@@std@@QEAA@PEBDHH@Z@4HA 0000000140008a00 f   main.obj
 0001:00007a10       ?dtor$5@?0???0?$basic_ofstream@DU?$char_traits@D@std@@@std@@QEAA@PEBDHH@Z@4HA 0000000140008a10 f   main.obj
 0001:00007a20       ?dtor$0@?0??uflow@?$basic_filebuf@DU?$char_traits@D@std@@@std@@MEAAHXZ@4HA 0000000140008a20 f   main.obj
 0001:00007a30       ?dtor$5@?0???$getline@DU?$char_traits@D@std@@V?$allocator@D@2@@std@@YAAEAV?$basic_istream@DU?$char_traits@D@std@@@0@$$QEAV10@AEAV?$basic_string@DU?$char_traits@D@std@@V?$allocator@D@2@@0@D@Z@4HA 0000000140008a30 f   main.obj
 0001:00007a3c       ?dtor$0@?0???$getline@DU?$char_traits@D@std@@V?$allocator@D@2@@std@@YAAEAV?$basic_istream@DU?$char_traits@D@std@@@0@$$QEAV10@AEAV?$basic_string@DU?$char_traits@D@std@@V?$allocator@D@2@@0@D@Z@4HA 0000000140008a3c f   main.obj
 0001:00007a48       ?catch$9@?0???$getline@DU?$char_traits@D@std@@V?$allocator@D@2@@std@@YAAEAV?$basic_istream@DU?$char_traits@D@std@@@0@$$QEAV10@AEAV?$basic_string@DU?$char_traits@D@std@@V?$allocator@D@2@@0@D@Z@4HA 0000000140008a48 f   main.obj
 0001:00007a55       __catch$??$getline@DU?$char_traits@D@std@@V?$allocator@D@2@@std@@YAAEAV?$basic_istream@DU?$char_traits@D@std@@@0@$$QEAV10@AEAV?$basic_string@DU?$char_traits@D@std@@V?$allocator@D@2@@0@D@Z$0 0000000140008a55 f   main.obj
 0001:00007a90       ?dtor$0@?0???$use_facet@V?$codecvt@DDU_Mbstatet@@@std@@@std@@YAAEBV?$codecvt@DDU_Mbstatet@@@0@AEBVlocale@0@@Z@4HA 0000000140008a90 f   main.obj
 0001:00007a9e       ?dtor$1@?0???$use_facet@V?$codecvt@DDU_Mbstatet@@@std@@@std@@YAAEBV?$codecvt@DDU_Mbstatet@@@0@AEBVlocale@0@@Z@4HA 0000000140008a9e f   main.obj
 0001:00007aaa       __scrt_is_nonwritable_in_current_image$filt$0 0000000140008aaa f   MSVCRT:utility.obj
 0001:00007ac2       ?filt$0@?0??__scrt_common_main_seh@@YAHXZ@4HA 0000000140008ac2 f   MSVCRT:exe_main.obj
 0001:00007ae0       ??__FapiKey@@YAXXZ         0000000140008ae0 f   main.obj
 0001:00007b60       ??__FsecretKey@@YAXXZ      0000000140008b60 f   main.obj
 0001:00007be0       ??__FproductId@@YAXXZ      0000000140008be0 f   main.obj
 0001:00007c60       ??__FFILE_Id@@YAXXZ        0000000140008c60 f   main.obj
 0001:00007ce0       ??__Fauth@@YAXXZ           0000000140008ce0 f   main.obj
 0001:00007cf0       ??__F_Fac_tidy_reg@std@@YAXXZ 0000000140008cf0 f   msvcprt:locale0_implib.obj
 0002:00000470       ?pre_cpp_initializer@@3P6AXXZEA 0000000140009470     MSVCRT:exe_main.obj
 0002:00000478       ?_Fac_tidy_reg$initializer$@std@@3P6AXXZEA 0000000140009478     msvcprt:locale0_implib.obj
 0002:00000480       ?apiKey$initializer$@@3P6AXXZEA 0000000140009480     main.obj
 0002:00000488       ?secretKey$initializer$@@3P6AXXZEA 0000000140009488     main.obj
 0002:00000490       ?productId$initializer$@@3P6AXXZEA 0000000140009490     main.obj
 0002:00000498       ?FILE_Id$initializer$@@3P6AXXZEA 0000000140009498     main.obj
 0002:000004a0       ?auth$initializer$@@3P6AXXZEA 00000001400094a0     main.obj
 0002:000004b8       ?pre_c_initializer@@3P6AHXZEA 00000001400094b8     MSVCRT:exe_main.obj
 0002:000004c0       ?post_pgo_initializer@@3P6AHXZEA 00000001400094c0     MSVCRT:exe_main.obj
 0002:00000510       GS_ExceptionPointers       0000000140009510     MSVCRT:gs_report.obj
 0002:000005f0       ?crypted@?1???R<lambda_2>@?1??OnLicenseValidated@@YAXXZ@QEBA@XZ@4V?$skCrypter@$0BL@$0DI@$0DI@D@skc@@B 00000001400095f0     main.obj
 0002:00000610       ?crypted@?1???R<lambda_13>@?1??main@@YAHXZ@QEBA@XZ@4V?$skCrypter@$0BG@$0DI@$0DI@D@skc@@B 0000000140009610     main.obj
 0002:00000628       ?crypted@?1???R<lambda_11>@?9??OnLicenseValidated@@YAXXZ@QEBA@XZ@4V?$skCrypter@$09$0DI@$0DI@D@skc@@B 0000000140009628     main.obj
 0002:00000628       ?crypted@?1???R<lambda_15>@?O@??main@@YAHXZ@QEBA@XZ@4V?$skCrypter@$09$0DI@$0DI@D@skc@@B 0000000140009628     main.obj
 0002:00000628       ?crypted@?1???R<lambda_9>@?7??main@@YAHXZ@QEBA@XZ@4V?$skCrypter@$09$0DI@$0DI@D@skc@@B 0000000140009628     main.obj
 0002:00000638       ?crypted@?1???R<lambda_2>@?1??main@@YAHXZ@QEBA@XZ@4V?$skCrypter@$0BP@$0DI@$0DI@D@skc@@B 0000000140009638     main.obj
 0002:00000658       ?crypted@?1???R<lambda_1>@?1??main@@YAHXZ@QEBA@XZ@4V?$skCrypter@$0CJ@$0DI@$0DI@D@skc@@B 0000000140009658     main.obj
 0002:00000658       ?crypted@?1???R<lambda_3>@?1??main@@YAHXZ@QEBA@XZ@4V?$skCrypter@$0CJ@$0DI@$0DI@D@skc@@B 0000000140009658     main.obj
 0002:00000688       ?crypted@?1???R<lambda_9>@?9??OnLicenseValidated@@YAXXZ@QEBA@XZ@4V?$skCrypter@$0BH@$0DI@$0DI@D@skc@@B 0000000140009688     main.obj
 0002:000006a0       ?crypted@?1???R<lambda_7>@?1??main@@YAHXZ@QEBA@XZ@4V?$skCrypter@$0BO@$0DI@$0DI@D@skc@@B 00000001400096a0     main.obj
 0002:000006c0       ?crypted@?1???R<lambda_1>@@QEBA@XZ@4V?$skCrypter@$07$0DI@$0DI@D@skc@@B 00000001400096c0     main.obj
 0002:000006c0       ?crypted@?1???R<lambda_2>@@QEBA@XZ@4V?$skCrypter@$07$0DI@$0DI@D@skc@@B 00000001400096c0     main.obj
 0002:000006c0       ?crypted@?1???R<lambda_3>@@QEBA@XZ@4V?$skCrypter@$07$0DI@$0DI@D@skc@@B 00000001400096c0     main.obj
 0002:000006c8       ?crypted@?1???R<lambda_8>@?7??main@@YAHXZ@QEBA@XZ@4V?$skCrypter@$0BO@$0DI@$0DI@D@skc@@B 00000001400096c8     main.obj
 0002:000006e8       ?crypted@?1???R<lambda_11>@?7??main@@YAHXZ@QEBA@XZ@4V?$skCrypter@$0BH@$0DI@$0DI@D@skc@@B 00000001400096e8     main.obj
 0002:000006e8       ?crypted@?1???R<lambda_17>@?1??main@@YAHXZ@QEBA@XZ@4V?$skCrypter@$0BH@$0DI@$0DI@D@skc@@B 00000001400096e8     main.obj
 0002:000006e8       ?crypted@?1???R<lambda_6>@?4??main@@YAHXZ@QEBA@XZ@4V?$skCrypter@$0BH@$0DI@$0DI@D@skc@@B 00000001400096e8     main.obj
 0002:00000700       ?crypted@?1???R<lambda_12>@?1??main@@YAHXZ@QEBA@XZ@4V?$skCrypter@$0BL@$0DI@$0DI@D@skc@@B 0000000140009700     main.obj
[...]
 0002:000017bc       $unwind$??_D?$basic_ofstream@DU?$char_traits@D@std@@@std@@QEAAXXZ 000000014000a7bc     main.obj
 0002:000017d0       $cppxdata$??_D?$basic_ofstream@DU?$char_traits@D@std@@@std@@QEAAXXZ 000000014000a7d0     main.obj
 0002:000017d9       $stateUnwindMap$??1sentry@?$basic_istream@DU?$char_traits@D@std@@@std@@QEAA@XZ 000000014000a7d9     main.obj
 0002:000017d9       $stateUnwindMap$??1sentry@?$basic_ostream@DU?$char_traits@D@std@@@std@@QEAA@XZ 000000014000a7d9     main.obj
 0002:000017d9       $stateUnwindMap$??_D?$basic_ofstream@DU?$char_traits@D@std@@@std@@QEAAXXZ 000000014000a7d9     main.obj
 0002:000017d9       $stateUnwindMap$??_G?$basic_filebuf@DU?$char_traits@D@std@@@std@@UEAAPEAXI@Z 000000014000a7d9     main.obj
 0002:000017df       $ip2state$??_D?$basic_ofstream@DU?$char_traits@D@std@@@std@@QEAAXXZ 000000014000a7df     main.obj
 0002:000017e4       $unwind$main               000000014000a7e4     main.obj
 0002:00001830       $cppxdata$main             000000014000a830     main.obj
 0002:00001839       $stateUnwindMap$main       000000014000a839     main.obj
 0002:00001847       $ip2state$main             000000014000a847     main.obj
 0002:0000185c       $unwind$??$?6U?$char_traits@D@std@@@std@@YAAEAV?$basic_ostream@DU?$char_traits@D@std@@@0@AEAV10@PEBD@Z 000000014000a85c     main.obj
 0002:00001878       $cppxdata$??$?6U?$char_traits@D@std@@@std@@YAAEAV?$basic_ostream@DU?$char_traits@D@std@@@0@AEAV10@PEBD@Z 000000014000a878     main.obj
 0002:00001885       $stateUnwindMap$??$?6U?$char_traits@D@std@@@std@@YAAEAV?$basic_ostream@DU?$char_traits@D@std@@@0@AEAV10@PEBD@Z 000000014000a885     main.obj
 0002:00001885       $stateUnwindMap$??$_Insert_string@DU?$char_traits@D@std@@_K@std@@YAAEAV?$basic_ostream@DU?$char_traits@D@std@@@0@AEAV10@QEBD_K@Z 000000014000a885     main.obj
 0002:00001899       $tryMap$??$?6U?$char_traits@D@std@@@std@@YAAEAV?$basic_ostream@DU?$char_traits@D@std@@@0@AEAV10@PEBD@Z 000000014000a899     main.obj
 0002:000018a1       $handlerMap$??$?6U?$char_traits@D@std@@@std@@YAAEAV?$basic_ostream@DU?$char_traits@D@std@@@0@AEAV10@PEBD@Z 000000014000a8a1     main.obj
 0002:000018aa       $ip2state$??$?6U?$char_traits@D@std@@@std@@YAAEAV?$basic_ostream@DU?$char_traits@D@std@@@0@AEAV10@PEBD@Z 000000014000a8aa     main.obj
 0002:000018b8       $unwind$?catch$17@?0???$?6U?$char_traits@D@std@@@std@@YAAEAV?$basic_ostream@DU?$char_traits@D@std@@@0@AEAV10@PEBD@Z@4HA 000000014000a8b8     main.obj
 0002:000018b8       $unwind$?catch$17@?0???$_Insert_string@DU?$char_traits@D@std@@_K@std@@YAAEAV?$basic_ostream@DU?$char_traits@D@std@@@0@AEAV10@QEBD_K@Z@4HA 000000014000a8b8     main.obj
 0002:000018b8       $unwind$?catch$9@?0???$getline@DU?$char_traits@D@std@@V?$allocator@D@2@@std@@YAAEAV?$basic_istream@DU?$char_traits@D@std@@@0@$$QEAV10@AEAV?$basic_string@DU?$char_traits@D@std@@V?$allocator@D@2@@0@D@Z@4HA 000000014000a8b8     main.obj
 0002:000018c0       $unwind$??1?$basic_string@DU?$char_traits@D@std@@V?$allocator@D@2@@std@@QEAA@XZ 000000014000a8c0     main.obj
 0002:000018c0       $unwind$??1?$vector@EV?$allocator@E@std@@@std@@QEAA@XZ 000000014000a8c0     main.obj
 0002:000018c8       $chain$1$??4?$basic_string@DU?$char_traits@D@std@@V?$allocator@D@2@@std@@QEAAAEAV01@AEBV01@@Z 000000014000a8c8     main.obj
 0002:000018e0       $chain$3$??4?$basic_string@DU?$char_traits@D@std@@V?$allocator@D@2@@std@@QEAAAEAV01@AEBV01@@Z 000000014000a8e0     main.obj
 0002:000018f4       $chain$4$??4?$basic_string@DU?$char_traits@D@std@@V?$allocator@D@2@@std@@QEAAAEAV01@AEBV01@@Z 000000014000a8f4     main.obj
 0002:00001904       $unwind$??0?$basic_string@DU?$char_traits@D@std@@V?$allocator@D@2@@std@@QEAA@AEBV01@@Z 000000014000a904     main.obj
 0002:00001904       $unwind$??0?$basic_string@DU?$char_traits@D@std@@V?$allocator@D@2@@std@@QEAA@QEBD@Z 000000014000a904     main.obj
 0002:00001918       $unwind$??0?$basic_ofstream@DU?$char_traits@D@std@@@std@@QEAA@PEBDHH@Z 000000014000a918     main.obj
 0002:00001938       $cppxdata$??0?$basic_ofstream@DU?$char_traits@D@std@@@std@@QEAA@PEBDHH@Z 000000014000a938     main.obj
 0002:00001941       $stateUnwindMap$??0?$basic_ofstream@DU?$char_traits@D@std@@@std@@QEAA@PEBDHH@Z 000000014000a941     main.obj
 0002:00001957       $ip2state$??0?$basic_ofstream@DU?$char_traits@D@std@@@std@@QEAA@PEBDHH@Z 000000014000a957     main.obj
 0002:00001968       $unwind$?dtor$0@?0???0?$basic_ofstream@DU?$char_traits@D@std@@@std@@QEAA@PEBDHH@Z@4HA 000000014000a968     main.obj
 0002:00001968       $unwind$?filt$0@?0??__scrt_common_main_seh@@YAHXZ@4HA 000000014000a968     MSVCRT:exe_main.obj
 0002:00001970       $unwind$?setbuf@?$basic_filebuf@DU?$char_traits@D@std@@@std@@MEAAPEAV?$basic_streambuf@DU?$char_traits@D@std@@@2@PEAD_J@Z 000000014000a970     main.obj
 0002:00001984       $chain$0$?setbuf@?$basic_filebuf@DU?$char_traits@D@std@@@std@@MEAAPEAV?$basic_streambuf@DU?$char_traits@D@std@@@2@PEAD_J@Z 000000014000a984     main.obj
 0002:00001998       $chain$1$?setbuf@?$basic_filebuf@DU?$char_traits@D@std@@@std@@MEAAPEAV?$basic_streambuf@DU?$char_traits@D@std@@@2@PEAD_J@Z 000000014000a998     main.obj
 0002:000019a8       $unwind$?seekpos@?$basic_filebuf@DU?$char_traits@D@std@@@std@@MEAA?AV?$fpos@U_Mbstatet@@@2@V32@H@Z 000000014000a9a8     main.obj
 0002:000019bc       $unwind$?seekoff@?$basic_filebuf@DU?$char_traits@D@std@@@std@@MEAA?AV?$fpos@U_Mbstatet@@@2@_JHH@Z 000000014000a9bc     main.obj
 0002:000019d4       $unwind$?xsputn@?$basic_filebuf@DU?$char_traits@D@std@@@std@@MEAA_JPEBD_J@Z 000000014000a9d4     main.obj
 0002:000019ec       $unwind$?xsgetn@?$basic_filebuf@DU?$char_traits@D@std@@@std@@MEAA_JPEAD_J@Z 000000014000a9ec     main.obj
 0002:000019fc       $chain$1$?xsgetn@?$basic_filebuf@DU?$char_traits@D@std@@@std@@MEAA_JPEAD_J@Z 000000014000a9fc     main.obj
 0002:00001a10       $chain$2$?xsgetn@?$basic_filebuf@DU?$char_traits@D@std@@@std@@MEAA_JPEAD_J@Z 000000014000aa10     main.obj
 0002:00001a20       $unwind$?uflow@?$basic_filebuf@DU?$char_traits@D@std@@@std@@MEAAHXZ 000000014000aa20     main.obj
 0002:00001a40       $cppxdata$?uflow@?$basic_filebuf@DU?$char_traits@D@std@@@std@@MEAAHXZ 000000014000aa40     main.obj
 0002:00001a49       $stateUnwindMap$?uflow@?$basic_filebuf@DU?$char_traits@D@std@@@std@@MEAAHXZ 000000014000aa49     main.obj
 0002:00001a50       $ip2state$?uflow@?$basic_filebuf@DU?$char_traits@D@std@@@std@@MEAAHXZ 000000014000aa50     main.obj
 0002:00001a58       $chain$0$?underflow@?$basic_filebuf@DU?$char_traits@D@std@@@std@@MEAAHXZ 000000014000aa58     main.obj
 0002:00001a6c       $chain$2$?underflow@?$basic_filebuf@DU?$char_traits@D@std@@@std@@MEAAHXZ 000000014000aa6c     main.obj
 0002:00001a80       $unwind$?overflow@?$basic_filebuf@DU?$char_traits@D@std@@@std@@MEAAHH@Z 000000014000aa80     main.obj
 0002:00001a94       $chain$0$?overflow@?$basic_filebuf@DU?$char_traits@D@std@@@std@@MEAAHH@Z 000000014000aa94     main.obj
 0002:00001aa8       $chain$1$?overflow@?$basic_filebuf@DU?$char_traits@D@std@@@std@@MEAAHH@Z 000000014000aaa8     main.obj
 0002:00001ab8       $unwind$??1?$basic_filebuf@DU?$char_traits@D@std@@@std@@UEAA@XZ 000000014000aab8     main.obj
 0002:00001ac8       $cppxdata$??1?$basic_filebuf@DU?$char_traits@D@std@@@std@@UEAA@XZ 000000014000aac8     main.obj
 0002:00001acd       $ip2state$??1?$basic_filebuf@DU?$char_traits@D@std@@@std@@UEAA@XZ 000000014000aacd     main.obj
 0002:00001ad0       $unwind$??_G?$basic_filebuf@DU?$char_traits@D@std@@@std@@UEAAPEAXI@Z 000000014000aad0     main.obj
 0002:00001ae4       $cppxdata$??_G?$basic_filebuf@DU?$char_traits@D@std@@@std@@UEAAPEAXI@Z 000000014000aae4     main.obj
 0002:00001aed       $ip2state$??_G?$basic_filebuf@DU?$char_traits@D@std@@@std@@UEAAPEAXI@Z 000000014000aaed     main.obj
 0002:00001af0       $unwind$??1sentry@?$basic_istream@DU?$char_traits@D@std@@@std@@QEAA@XZ 000000014000aaf0     main.obj
 0002:00001b00       $cppxdata$??1sentry@?$basic_istream@DU?$char_traits@D@std@@@std@@QEAA@XZ 000000014000ab00     main.obj
 0002:00001b09       $ip2state$??1sentry@?$basic_istream@DU?$char_traits@D@std@@@std@@QEAA@XZ 000000014000ab09     main.obj
 0002:00001b0c       $unwind$??$_Insert_string@DU?$char_traits@D@std@@_K@std@@YAAEAV?$basic_ostream@DU?$char_traits@D@std@@@0@AEAV10@QEBD_K@Z 000000014000ab0c     main.obj
 0002:00001b28       $cppxdata$??$_Insert_string@DU?$char_traits@D@std@@_K@std@@YAAEAV?$basic_ostream@DU?$char_traits@D@std@@@0@AEAV10@QEBD_K@Z 000000014000ab28     main.obj
 0002:00001b35       $tryMap$??$_Insert_string@DU?$char_traits@D@std@@_K@std@@YAAEAV?$basic_ostream@DU?$char_traits@D@std@@@0@AEAV10@QEBD_K@Z 000000014000ab35     main.obj
 0002:00001b3d       $handlerMap$??$_Insert_string@DU?$char_traits@D@std@@_K@std@@YAAEAV?$basic_ostream@DU?$char_traits@D@std@@@0@AEAV10@QEBD_K@Z 000000014000ab3d     main.obj
 0002:00001b46       $ip2state$??$_Insert_string@DU?$char_traits@D@std@@_K@std@@YAAEAV?$basic_ostream@DU?$char_traits@D@std@@@0@AEAV10@QEBD_K@Z 000000014000ab46     main.obj
 0002:00001b58       $unwind$??$getline@DU?$char_traits@D@std@@V?$allocator@D@2@@std@@YAAEAV?$basic_istream@DU?$char_traits@D@std@@@0@$$QEAV10@AEAV?$basic_string@DU?$char_traits@D@std@@V?$allocator@D@2@@0@D@Z 000000014000ab58     main.obj
 0002:00001b78       $cppxdata$??$getline@DU?$char_traits@D@std@@V?$allocator@D@2@@std@@YAAEAV?$basic_istream@DU?$char_traits@D@std@@@0@$$QEAV10@AEAV?$basic_string@DU?$char_traits@D@std@@V?$allocator@D@2@@0@D@Z 000000014000ab78     main.obj
 0002:00001b85       $stateUnwindMap$??$getline@DU?$char_traits@D@std@@V?$allocator@D@2@@std@@YAAEAV?$basic_istream@DU?$char_traits@D@std@@@0@$$QEAV10@AEAV?$basic_string@DU?$char_traits@D@std@@V?$allocator@D@2@@0@D@Z 000000014000ab85     main.obj
 0002:00001b99       $tryMap$??$getline@DU?$char_traits@D@std@@V?$allocator@D@2@@std@@YAAEAV?$basic_istream@DU?$char_traits@D@std@@@0@$$QEAV10@AEAV?$basic_string@DU?$char_traits@D@std@@V?$allocator@D@2@@0@D@Z 000000014000ab99     main.obj
 0002:00001ba1       $handlerMap$??$getline@DU?$char_traits@D@std@@V?$allocator@D@2@@std@@YAAEAV?$basic_istream@DU?$char_traits@D@std@@@0@$$QEAV10@AEAV?$basic_string@DU?$char_traits@D@std@@V?$allocator@D@2@@0@D@Z 000000014000aba1     main.obj
 0002:00001baa       $ip2state$??$getline@DU?$char_traits@D@std@@V?$allocator@D@2@@std@@YAAEAV?$basic_istream@DU?$char_traits@D@std@@@0@$$QEAV10@AEAV?$basic_string@DU?$char_traits@D@std@@V?$allocator@D@2@@0@D@Z 000000014000abaa     main.obj
 0002:00001bbc       $unwind$??$use_facet@V?$codecvt@DDU_Mbstatet@@@std@@@std@@YAAEBV?$codecvt@DDU_Mbstatet@@@0@AEBVlocale@0@@Z 000000014000abbc     main.obj
 0002:00001bdc       $cppxdata$??$use_facet@V?$codecvt@DDU_Mbstatet@@@std@@@std@@YAAEBV?$codecvt@DDU_Mbstatet@@@0@AEBVlocale@0@@Z 000000014000abdc     main.obj
 0002:00001be5       $stateUnwindMap$??$use_facet@V?$codecvt@DDU_Mbstatet@@@std@@@std@@YAAEBV?$codecvt@DDU_Mbstatet@@@0@AEBVlocale@0@@Z 000000014000abe5     main.obj
 0002:00001bf2       $ip2state$??$use_facet@V?$codecvt@DDU_Mbstatet@@@std@@@std@@YAAEBV?$codecvt@DDU_Mbstatet@@@0@AEBVlocale@0@@Z 000000014000abf2     main.obj
 0002:00001bfc       $unwind$??1_Sentry_base@?$basic_istream@DU?$char_traits@D@std@@@std@@QEAA@XZ 000000014000abfc     main.obj
 0002:00001bfc       $unwind$??1_Sentry_base@?$basic_ostream@DU?$char_traits@D@std@@@std@@QEAA@XZ 000000014000abfc     main.obj
 0002:00001c0c       $cppxdata$??1_Sentry_base@?$basic_istream@DU?$char_traits@D@std@@@std@@QEAA@XZ 000000014000ac0c     main.obj
 0002:00001c0c       $cppxdata$??1_Sentry_base@?$basic_ostream@DU?$char_traits@D@std@@@std@@QEAA@XZ 000000014000ac0c     main.obj
 0002:00001c11       $ip2state$??1_Sentry_base@?$basic_istream@DU?$char_traits@D@std@@@std@@QEAA@XZ 000000014000ac11     main.obj
 0002:00001c11       $ip2state$??1_Sentry_base@?$basic_ostream@DU?$char_traits@D@std@@@std@@QEAA@XZ 000000014000ac11     main.obj
 0002:00001c14       $unwind$??1sentry@?$basic_ostream@DU?$char_traits@D@std@@@std@@QEAA@XZ 000000014000ac14     main.obj
 0002:00001c24       $cppxdata$??1sentry@?$basic_ostream@DU?$char_traits@D@std@@@std@@QEAA@XZ 000000014000ac24     main.obj
 0002:00001c2d       $ip2state$??1sentry@?$basic_ostream@DU?$char_traits@D@std@@@std@@QEAA@XZ 000000014000ac2d     main.obj
 0002:00001c30       $unwind$?_Endwrite@?$basic_filebuf@DU?$char_traits@D@std@@@std@@IEAA_NXZ 000000014000ac30     main.obj
 0002:00001c40       $chain$0$?_Endwrite@?$basic_filebuf@DU?$char_traits@D@std@@@std@@IEAA_NXZ 000000014000ac40     main.obj
 0002:00001c54       $chain$2$?_Endwrite@?$basic_filebuf@DU?$char_traits@D@std@@@std@@IEAA_NXZ 000000014000ac54     main.obj
 0002:00001c68       $chain$3$?_Endwrite@?$basic_filebuf@DU?$char_traits@D@std@@@std@@IEAA_NXZ 000000014000ac68     main.obj
 0002:00001c78       $unwind$?close@?$basic_filebuf@DU?$char_traits@D@std@@@std@@QEAAPEAV12@XZ 000000014000ac78     main.obj
 0002:00001c84       $chain$0$?close@?$basic_filebuf@DU?$char_traits@D@std@@@std@@QEAAPEAV12@XZ 000000014000ac84     main.obj
 0002:00001c98       $chain$1$?close@?$basic_filebuf@DU?$char_traits@D@std@@@std@@QEAAPEAV12@XZ 000000014000ac98     main.obj
 0002:00001ca8       $unwind$??$_Reallocate_for@V<lambda_1>@?1??assign@?$basic_string@DU?$char_traits@D@std@@V?$allocator@D@2@@std@@QEAAAEAV34@QEBD_K@Z@PEBD@?$basic_string@DU?$char_traits@D@std@@V?$allocator@D@2@@std@@AEAAAEAV01@_KV<lambda_1>@?1??assign@01@QEAAAEAV01@QEBD0@Z@PEBD@Z 000000014000aca8     main.obj
 0002:00001ca8       $unwind$??$_Reallocate_grow_by@V<lambda_1>@?1??push_back@?$basic_string@DU?$char_traits@D@std@@V?$allocator@D@2@@std@@QEAAXD@Z@D@?$basic_string@DU?$char_traits@D@std@@V?$allocator@D@2@@std@@AEAAAEAV01@_KV<lambda_1>@?1??push_back@01@QEAAXD@Z@D@Z 000000014000aca8     main.obj
 0002:00001cb8       $chain$2$??$_Reallocate_grow_by@V<lambda_1>@?1??push_back@?$basic_string@DU?$char_traits@D@std@@V?$allocator@D@2@@std@@QEAAXD@Z@D@?$basic_string@DU?$char_traits@D@std@@V?$allocator@D@2@@std@@AEAAAEAV01@_KV<lambda_1>@?1??push_back@01@QEAAXD@Z@D@Z 000000014000acb8     main.obj
 0002:00001cd4       $chain$3$??$_Reallocate_grow_by@V<lambda_1>@?1??push_back@?$basic_string@DU?$char_traits@D@std@@V?$allocator@D@2@@std@@QEAAXD@Z@D@?$basic_string@DU?$char_traits@D@std@@V?$allocator@D@2@@std@@AEAAAEAV01@_KV<lambda_1>@?1??push_back@01@QEAAXD@Z@D@Z 000000014000acd4     main.obj
 0002:00001ce4       $chain$4$??$_Reallocate_grow_by@V<lambda_1>@?1??push_back@?$basic_string@DU?$char_traits@D@std@@V?$allocator@D@2@@std@@QEAAXD@Z@D@?$basic_string@DU?$char_traits@D@std@@V?$allocator@D@2@@std@@AEAAAEAV01@_KV<lambda_1>@?1??push_back@01@QEAAXD@Z@D@Z 000000014000ace4     main.obj
 0002:00001d00       $chain$1$??$_Reallocate_for@V<lambda_1>@?1??assign@?$basic_string@DU?$char_traits@D@std@@V?$allocator@D@2@@std@@QEAAAEAV34@QEBD_K@Z@PEBD@?$basic_string@DU?$char_traits@D@std@@V?$allocator@D@2@@std@@AEAAAEAV01@_KV<lambda_1>@?1??assign@01@QEAAAEAV01@QEBD0@Z@PEBD@Z 000000014000ad00     main.obj
 0002:00001d18       $chain$3$??$_Reallocate_for@V<lambda_1>@?1??assign@?$basic_string@DU?$char_traits@D@std@@V?$allocator@D@2@@std@@QEAAAEAV34@QEBD_K@Z@PEBD@?$basic_string@DU?$char_traits@D@std@@V?$allocator@D@2@@std@@AEAAAEAV01@_KV<lambda_1>@?1??assign@01@QEAAAEAV01@QEBD0@Z@PEBD@Z 000000014000ad18     main.obj
 0002:00001d18       $chain$5$??$_Reallocate_for@V<lambda_1>@?1??assign@?$basic_string@DU?$char_traits@D@std@@V?$allocator@D@2@@std@@QEAAAEAV34@QEBD_K@Z@PEBD@?$basic_string@DU?$char_traits@D@std@@V?$allocator@D@2@@std@@AEAAAEAV01@_KV<lambda_1>@?1??assign@01@QEAAAEAV01@QEBD0@Z@PEBD@Z 000000014000ad18     main.obj
 0002:00001d30       $chain$4$??$_Reallocate_for@V<lambda_1>@?1??assign@?$basic_string@DU?$char_traits@D@std@@V?$allocator@D@2@@std@@QEAAAEAV34@QEBD_K@Z@PEBD@?$basic_string@DU?$char_traits@D@std@@V?$allocator@D@2@@std@@AEAAAEAV01@_KV<lambda_1>@?1??assign@01@QEAAAEAV01@QEBD0@Z@PEBD@Z 000000014000ad30     main.obj
 0002:00001d40       $xdatasym                  000000014000ad40     MSVCRT:amdsecgs.obj
 0002:00001d44       $unwind$__scrt_is_nonwritable_in_current_image 000000014000ad44     MSVCRT:utility.obj
 0002:00001d64       $unwind$__scrt_is_nonwritable_in_current_image$filt$0 000000014000ad64     MSVCRT:utility.obj
 0002:00001d6c       $unwind$?__scrt_common_main_seh@@YAHXZ 000000014000ad6c     MSVCRT:exe_main.obj
 0002:00001da4       $unwind$__report_gsfailure 000000014000ada4     MSVCRT:gs_report.obj
 0002:00001dac       $unwind$capture_previous_context 000000014000adac     MSVCRT:gs_report.obj
 0002:00001db8       $unwind$__isa_available_init 000000014000adb8     MSVCRT:cpu_disp.obj
 0002:00001dcc       $unwind$__scrt_fastfail    000000014000adcc     MSVCRT:utility_desktop.obj
 0002:00001ddc       $unwind$__security_init_cookie 000000014000addc     MSVCRT:gs_support.obj
 0002:00001de8       $xdatasym                  000000014000ade8     MSVCRT:guard_dispatch.obj
 0002:00001df0       $xdatasym                  000000014000adf0     MSVCRT:guard_xfg_dispatch.obj
 0002:00001df4       $unwind$__GSHandlerCheckCommon 000000014000adf4     MSVCRT:gshandler.obj
 0002:00001dfc       $unwind$__GSHandlerCheck_EH4 000000014000adfc     MSVCRT:gshandlereh4.obj
 0002:00001f70       .edata                     000000014000af70     SyndicateAuthCPP.exp
 0002:00001f98       rgpv                       000000014000af98     SyndicateAuthCPP.exp
 0002:00001fa0       rgszName                   000000014000afa0     SyndicateAuthCPP.exp
 0002:00001fa8       rgwOrd                     000000014000afa8     SyndicateAuthCPP.exp
 0002:00001fac       szName                     000000014000afac     SyndicateAuthCPP.exp
 0002:00001fc1       $N00001                    000000014000afc1     SyndicateAuthCPP.exp
 0002:00001fea       $N00002                    000000014000afea     SyndicateAuthCPP.exp
 0002:0000284e       .idata$6                   000000014000b84e     SyndicateAuth:SyndicateAuth.dll
 0002:000032da       .idata$6                   000000014000c2da     msvcprt:MSVCP140.dll
 0002:000033c8       .idata$6                   000000014000c3c8     vcruntime:VCRUNTIME140_1.dll
 0002:000033dc       .idata$6                   000000014000c3dc     vcruntime:VCRUNTIME140.dll
 0002:00003680       .idata$6                   000000014000c680     ucrt:api-ms-win-crt-runtime-l1-1-0.dll
 0002:000036a2       .idata$6                   000000014000c6a2     ucrt:api-ms-win-crt-stdio-l1-1-0.dll
 0002:000036c2       .idata$6                   000000014000c6c2     ucrt:api-ms-win-crt-filesystem-l1-1-0.dll
 0002:000036e8       .idata$6                   000000014000c6e8     ucrt:api-ms-win-crt-heap-l1-1-0.dll
 0002:00003708       .idata$6                   000000014000c708     ucrt:api-ms-win-crt-math-l1-1-0.dll
 0002:00003728       .idata$6                   000000014000c728     ucrt:api-ms-win-crt-locale-l1-1-0.dll
 0002:000038a8       .idata$6                   000000014000c8a8     kernel32:KERNEL32.dll
 0003:000003b0       ?_Fac_head@std@@3PEAU_Fac_node@1@EA 000000014000d3b0     msvcprt:locale0_implib.obj
 0003:000003b8       ?_Fac_tidy_reg@std@@3U_Fac_tidy_reg_t@1@B 000000014000d3b8     msvcprt:locale0_implib.obj
 0003:000003d0       ?is_initialized_as_dll@@3_NA 000000014000d3d0     MSVCRT:utility.obj
 0003:000003d1       ?module_local_atexit_table_initialized@@3_NA 000000014000d3d1     MSVCRT:utility.obj
 0003:000003d8       ?module_local_atexit_table@@3U_onexit_table_t@@A 000000014000d3d8     MSVCRT:utility.obj
 0003:000003f0       ?module_local_at_quick_exit_table@@3U_onexit_table_t@@A 000000014000d3f0     MSVCRT:utility.obj
 0003:00000410       GS_ExceptionRecord         000000014000d410     MSVCRT:gs_report.obj
 0003:000004b0       GS_ContextRecord           000000014000d4b0     MSVCRT:gs_report.obj
 0005:00000060       $R000000                   000000014000f060     * linker generated manifest res *
